../base-Qdrv\5FB85694-536D-4A90-AF13-0306AEE091B6\Qiqqa.library
../base-KingDian\INTRANET_FFFF9774-FFFF-FFFF-FFFF-E67433F7FFFF\Qiqqa.library
../base-backup-KingDian\INTRANET-OLD-BIG-DB\Qiqqa.LibraryMetadata.s3db
../base-Alt3-old.D.drv\55C8B7E5-CE6C-49E4-8B4B-71C0002B06F4-copy\Qiqqa.library
../base-backup-SSD-0001\B91A9A6C-07EC-4789-AA77-9953DCB4FD55\Qiqqa.library
../base-backup-KingDian\OLD-DB-BU-07301b7f4f141d49deac1aa4ca8adbd3\Qiqqa.library
../../SopKonijn\!QIQQA-pdf-watch-dir\!1\Quantisle\Qiqqa.original\Guest\Qiqqa.library
./INTRANET_E57B9774-4712-430E-93E0-E67433F7DF07\Qiqqa.library
../evil.Alt-1\Guest\Qiqqa.library
../copied_qiqqa_databases-Qdrv\Qiqqa.(7).library
../copied_qiqqa_databases-revengin-2\Qiqqa (24).library
../copied_qiqqa_databases-Alt3-old.D.drv\Qiqqa (5).library
../base-KingDian\OLD-DB-BU-c545fdb031a23ccb4e390382ee4ea762\Qiqqa.library
../copied_qiqqa_databases\Qiqqa.(36).library
../base-backup-Qdrv\OLD-DB-BU-54f2c85ce54666bcef6c38cd51d4c57c\Qiqqa.library
../copied_qiqqa_databases-Alt-0\Qiqqa.(37).library
../base-Alt-0\OLD-DB-BU-23e5adf752e2473c86826b2a558bceb2\Qiqqa(2).library
../base-backup-Qdrv\C9F0D079-EE4C-4A15-8547-72164A7A356D\Qiqqa.library
../base-backup-SSD-0001\UnitTest\Qiqqa.library
../base-backup\OLD-DB-BU-ccecd1e818dec1ac9638625bc5f415d9\Qiqqa.library
../base\OLD-DB-BU-c8b926736a0ae2f42592f43beafcd4d3\Qiqqa.library
../base-SSD-0001\OLD-DB-BU-a2f1c2081059457ac986bb05e71fdcd5\Qiqqa.library
../base-prev-Alt5-drv.D.F\55C8B7E5-CE6C-49E4-8B4B-71C0002B06F4\Qiqqa.library
../base-SSD-0001\OLD-DB-BU-3bd01a4cbc4c2c0146ec1252553dc082\Qiqqa.library
../base-KingDian\OLD-DB-BU-f5e20e3b27db4dbef66b9b5aed6036cc\Qiqqa.library
../base-backup\C9F0D079-EE4C-4A15-8547-72164A7A356D\Qiqqa.library
../copied_qiqqa_databases-SSD-0001\b1\50458EE8-7789-4B50-9CEC-B0D8B8B327D6\Qiqqa.library
../base-Qdrv\OLD-DB-BU-a2f1c2081059457ac986bb05e71fdcd5\Qiqqa.library
../base-backup-KingDian\Guest3\Qiqqa.library
../base-Qdrv\OLD-DB-BU-3bd01a4cbc4c2c0146ec1252553dc082\Qiqqa.library
../base\OLD-DB-BU-c2646fd298d0041f201fefabbe5ab62d\Qiqqa.library
../base-Alt-0\OLD-DB-BU-70bdc81864238eaf349b0ef6f9fccb0f\Qiqqa(2).library
../copied_qiqqa_databases-SSD-0001\b1\Guest-05\Qiqqa.library
../evil-SSD-0001\INTRANET_6A666D6C-8BC9-42D7-B49C-8A9AD17D39C5\Qiqqa.library
../copied_qiqqa_databases-KingDian\Qiqqa.(16).library
../base-backup-SSD-0001\INTRANET_A863F89A-6729-49FD-9DDE-AEA03E698867\Qiqqa.library
../base-SSD-0001\OLD-DB-BU-80bed78042e6331663b07daa51893013\Qiqqa.library
../base-backup-KingDian\OLD-DB-BU-ccecd1e818dec1ac9638625bc5f415d9\Qiqqa.library
../base-KingDian\OLD-DB-BU-8a55a328e9d8856cd706613185110812\Qiqqa.library
../base-Qdrv\Guest-copy\Qiqqa.library
../copied_qiqqa_databases-Qdrv\Qiqqa.(14).library
../base-KingDian\OLD-DB-BU-8b9777b742b3edcceb42fd0701047787\Qiqqa.library
../base\OLD-DB-BU-8581d7aec1d11a037755d091888c9b4f\Qiqqa.library
../base-backup-SSD-0001\INTRANET_0D4E8DC2-412B-461D-B359-63E40F1359B9\Qiqqa.library
../base-Qdrv\OLD-DB-BU-80bed78042e6331663b07daa51893013\Qiqqa.library
../copied_qiqqa_databases-revengin-2\Qiqqa (6).library
../copied_qiqqa_databases-SSD-0001\b1\Guest-copy\Qiqqa.library
../base\OLD-DB-BU-3970eebcbeed0c7c8b66f00d6072fe24\Qiqqa.library
../base-backup-Qdrv\Guest\Qiqqa.library
../base-backup-KingDian\3A614D8C-0882-4CAB-8FBD-A9E494093283\Qiqqa.library
../base-backup-KingDian\INTRANET_EF52564A-831D-42F2-B956-815CF0418C08\Qiqqa.library
../../!R&D - Qiqqa and Zotero copies\Qiqqa\3A614D8C-0882-4CAB-8FBD-A9E494093283\Qiqqa.library
../base-backup-Qdrv\OLD-DB-BU-23e5adf752e2473c86826b2a558bceb2\Qiqqa.library
../copied_qiqqa_databases\b1\3A614D8C-0882-4CAB-8FBD-A9E494093283\Qiqqa.library
../base-backup-SSD-0001\OLD-DB-BU-3970eebcbeed0c7c8b66f00d6072fe24\Qiqqa.library
../evil-base-SSD-0001\INTRANET-EVIL-PDF-SAMPLES-FOR-QIQQA\Qiqqa.LibraryMetadata.s3db
../base-Alt-0\Guest-05\Qiqqa.library
../copied_qiqqa_databases-Qdrv\Qiqqa.(25).library
../base\INTRANET_C193EB5E-1C94-40F1-BCF9-4FF596ECA5F9\Qiqqa.library
../base-backup\OLD-DB-BU-a5f0a36f2506c7ec903620094e904377\Qiqqa.library
../base-KingDian\OLD-DB-BU-d33d5e6904b53a9c307945a7f675cc20\Qiqqa.library
../base-SSD-0001\OLD-DB-BU-c13872d4d6f9c6f355097ae0087d7a1f\Qiqqa.library
../base-backup\OLD-DB-BU-834d35d7ae2873655213c7f3f3bbe126\Qiqqa.library
../copied_qiqqa_databases-SSD-0001\Qiqqa.(4).library
../base-KingDian\1B9D5176-E568-4BB7-98F1-C09A5DBE5C3D\Qiqqa.library
../base-backup-Qdrv\5FB85694-536D-4A90-AF13-0306AEE091B6\Qiqqa.library
../base-backup-KingDian\OLD-DB-BU-c545fdb031a23ccb4e390382ee4ea762\Qiqqa.library
../base-backup-Alt-0\OLD-DB-BU-a37afc4733ca6f956bd4d32b47a845c4\Qiqqa.library
../copied_qiqqa_databases-Qdrv\b1\55C8B7E5-CE6C-49E4-8B4B-71C0002B06F4\Qiqqa.library
../base-Qdrv\OLD-DB-BU-c13872d4d6f9c6f355097ae0087d7a1f\Qiqqa.library
../copied_qiqqa_databases-KingDian\Qiqqa.(38).library
../base-backup-Qdrv\INTRANET_C193EB5E-1C94-40F1-BCF9-4FF596ECA5F9\Qiqqa.library
../base-SSD-0001\INTRANET_A863F89A-6729-49FD-9DDE-AEA03E698867\Qiqqa.library
../evil-base-Qdrv\INTRANET_E57B9774-4712-430E-93E0-E67433F7DF07\Qiqqa.library
../copied_qiqqa_databases\Qiqqa.(19).library
../base-backup-Qdrv\OLD-DB-BU-701962591454ae1567e03cb81b9c6836\Qiqqa.library
../base-backup-SSD-0001\OLD-DB-BU-3bd01a4cbc4c2c0146ec1252553dc082\Qiqqa.library
../base-backup\5FB85694-536D-4A90-AF13-0306AEE091B6\Qiqqa.library
../copied_qiqqa_databases-Qdrv\Qiqqa.(36).library
../base-prev-SSD-0001\B91A9A6C-07EC-4789-AA77-9953DCB4FD55\Qiqqa.library
../base-backup\Guest2\Qiqqa.library
../base-Alt-0\5FB85694-536D-4A90-AF13-0306AEE091B6\Qiqqa(2).library
../base-backup-Alt-0\OLD-DB-BU-70bdc81864238eaf349b0ef6f9fccb0f\Qiqqa.library
../base-backup-KingDian\OLD-DB-BU-a5f0a36f2506c7ec903620094e904377\Qiqqa.library
../base\OLD-DB-BU-732501998468fdf7dbc85febd34316b7\Qiqqa.library
../base-SSD-0001\INTRANET_0D4E8DC2-412B-461D-B359-63E40F1359B9\Qiqqa.library
../base-Alt-0\OLD-DB-BU-763f0e15229985b89fe46346e61dd6f2\Qiqqa.library
../copied_qiqqa_databases\b1\B6318A57-2EF4-470D-A012-2332EEAE1754\Qiqqa.library
../copied_qiqqa_databases-revengin-2\Qiqqa.library
../base-backup-KingDian\OLD-DB-BU-834d35d7ae2873655213c7f3f3bbe126\Qiqqa.library
../base-backup-Alt-0\C9F0D079-EE4C-4A15-8547-72164A7A356D-1\Qiqqa.library
../base-backup\INTRANET-OLD-BIG-DB\Qiqqa.LibraryMetadata.s3db
../base-backup-Qdrv\OLD-DB-BU-5e0d0b8d6886ec15dc1f6395b25935ed\Qiqqa.library
../base-backup-Alt-0\INTRANET_E57B9774-4712-430E-93E0-E67433F7DF07\Qiqqa.library
../base-Alt-0\OLD-DB-BU-701962591454ae1567e03cb81b9c6836\Qiqqa(2).library
../copied_qiqqa_databases-revengin-2\Qiqqa (18).library
../base-backup-SSD-0001\OLD-DB-BU-80bed78042e6331663b07daa51893013\Qiqqa.library
../base-backup-KingDian\OLD-DB-BU-8a55a328e9d8856cd706613185110812\Qiqqa.library
../base-KingDian\INTRANET_EF52564A-831D-42F2-B956-815CF0418C08\Qiqqa.library
../base-backup-SSD-0001\Guest1\Qiqqa.library
../copied_qiqqa_databases-Qdrv\b1\Guest-05\Qiqqa.library
../base-KingDian\UnitTest\Qiqqa.library
../base-KingDian\E5283F53-4D1B-40EF-B526-5626BC77F232\Qiqqa.library
../copied_qiqqa_databases\Qiqqa.2018-07-29.DB.copy.before.library
../copied_qiqqa_databases-KingDian\b1\3A614D8C-0882-4CAB-8FBD-A9E494093283\Qiqqa.library
../base-backup-Qdrv\OLD-DB-BU-107544e1d9a54999fd27a57619357017\Qiqqa.library
../copied_qiqqa_databases-SSD-0001\Qiqqa.(12).library
../base-Alt-0\OLD-DB-BU-a54cb72635f2d503773dd8f9f59c9947\Qiqqa.library
../copied_qiqqa_databases-Alt3-old.D.drv\Qiqqa (10).library
../base-Qdrv\OLD-DB-BU-c8b926736a0ae2f42592f43beafcd4d3\Qiqqa.library
../base\55C8B7E5-CE6C-49E4-8B4B-71C0002B06F4-copy\Qiqqa.library
../base-backup-SSD-0001\OLD-DB-BU-0f001906c40ce1f0d25a908d3a2fea07\Qiqqa.library
../base-SSD-0001\OLD-DB-BU-c2646fd298d0041f201fefabbe5ab62d\Qiqqa.library
../base-KingDian\OLD-DB-BU-ccecd1e818dec1ac9638625bc5f415d9\Qiqqa.library
../base-Qdrv\INTRANET_7E3224CC-58C4-45E2-BB0E-A659BE87BBA9\Qiqqa.library
../base\Guest-05\Qiqqa.library
../base-backup-Alt-0\OLD-DB-BU-e5660472a466dccfe337ca2281bd187e\Qiqqa.library
../base-backup\OLD-DB-BU-cd5d1aea0de7b32e1ae9b741423ebe8b\Qiqqa.library
../base-prev-KingDian\Guest\Qiqqa.library
../copied_qiqqa_databases-Alt3-old.D.drv\Qiqqa 2018-07-29 DB copy after.library
../copied_qiqqa_databases-KingDian\Qiqqa.2018-07-29.DB.copy.after.library
../base-backup-Qdrv\OLD-DB-BU-c8141a668b1018067ca74c994bd0fdab\Qiqqa.library
../copied_qiqqa_databases\Qiqqa(39).library
../base-Qdrv\Guest3\Qiqqa.library
../copied_qiqqa_databases\Qiqqa.(3).library
../base-Qdrv\OLD-DB-BU-c2646fd298d0041f201fefabbe5ab62d\Qiqqa.library
../base-Qdrv\Guest\Qiqqa.library
../base-prev\5FB85694-536D-4A90-AF13-0306AEE091B6\Qiqqa.library
../copied_qiqqa_databases-SSD-0001\Qiqqa.(23).library
../base-SSD-0001\OLD-DB-BU-8581d7aec1d11a037755d091888c9b4f\Qiqqa.library
../base-SSD-0001\OLD-DB-BU-3970eebcbeed0c7c8b66f00d6072fe24\Qiqqa.library
../backups-SSD-0001\QiqqaBackup.20190815011657\Guest\Qiqqa.library
../base-Qdrv\OLD-DB-BU-8581d7aec1d11a037755d091888c9b4f\Qiqqa.library
../copied_qiqqa_databases-KingDian\b1\B6318A57-2EF4-470D-A012-2332EEAE1754\Qiqqa.library
../base-SSD-0001\C9F0D079-EE4C-4A15-8547-72164A7A356D\Qiqqa.library
../base-backup-Qdrv\INTRANET-OLD-BIG-DB\Qiqqa.LibraryMetadata.s3db
../base-prev-KingDian\3A614D8C-0882-4CAB-8FBD-A9E494093283\Qiqqa.library
../copied_qiqqa_databases-Alt-0\Qiqqa.(7).library
../base-backup-KingDian\OLD-DB-BU-cd5d1aea0de7b32e1ae9b741423ebe8b\Qiqqa.library
../base-Alt-0\Guest1\Qiqqa.library
../base-OS-SSD-0001\UnitTest\Qiqqa.library
../base-Qdrv\OLD-DB-BU-3970eebcbeed0c7c8b66f00d6072fe24\Qiqqa.library
../base-Alt-0\INTRANET_A863F89A-6729-49FD-9DDE-AEA03E698867\Qiqqa.library
../copied_qiqqa_databases\Qiqqa.(11).library
../copied_qiqqa_databases-Alt-0\Qiqqa.(12).library
../qiqqaC9F0D079-EE4C-4A15-8547-72164A7A356D-SSD0001\Qiqqa.LibraryMetadata.s3db
../evil\Guest\Qiqqa.library
../copied_qiqqa_databases-SSD-0001\Qiqqa.(34).library
../copied_qiqqa_databases-Qdrv\Qiqqa.(19).library
../evil-SSD-0001\INTRANET_2B8E19DE-A7C5-4867-93E8-C3177957E09C\Qiqqa.library
../base-Alt-0\C9F0D079-EE4C-4A15-8547-72164A7A356D\Qiqqa.library
../base-Alt3-old.D.drv\55C8B7E5-CE6C-49E4-8B4B-71C0002B06F4\Qiqqa.library
../base-backup-Alt-0\Guest\Qiqqa.library
../base\INTRANET_FFFF9774-FFFF-FFFF-FFFF-E67433F7FFFF\Qiqqa.library
../base-backup-SSD-0001\OLD-DB-BU-c8b926736a0ae2f42592f43beafcd4d3\Qiqqa.library
../copied_qiqqa_databases-revengin-2\Qiqqa (10).library
../base-KingDian\OLD-DB-BU-a5f0a36f2506c7ec903620094e904377\Qiqqa.library
../copied_qiqqa_databases-KingDian\Qiqqa.(5).library
../copied_qiqqa_databases-SSD-0001\b1\B91A9A6C-07EC-4789-AA77-9953DCB4FD55\Qiqqa.library
../copied_qiqqa_databases\Qiqqa.(22).library
../base-KingDian\OLD-DB-BU-834d35d7ae2873655213c7f3f3bbe126\Qiqqa.library
../backups-Alt-0\Guest\Qiqqa.library
../base\OLD-DB-BU-fa051550e7c300446c1515804546b333\Qiqqa.library
../base-KingDian\7262F045-AF05-4A6C-BA4C-E1F2DEB1C6F1\Qiqqa.library
../base-prev-KingDian\B6318A57-2EF4-470D-A012-2332EEAE1754\Qiqqa.library
../base-backup\C9F0D079-EE4C-4A15-8547-72164A7A356D-1\Qiqqa.library
../base-Qdrv\55C8B7E5-CE6C-49E4-8B4B-71C0002B06F4\Qiqqa.library
../base-SSD-0001\OLD-DB-BU-732501998468fdf7dbc85febd34316b7\Qiqqa.library
../base-Alt-0\INTRANET_E57B9774-4712-430E-93E0-E67433F7DF07\Qiqqa.library
../base-backup-Qdrv\INTRANET_FFFF9774-FFFF-FFFF-FFFF-E67433F7FFFF\Qiqqa.library
../base-backup-SSD-0001\OLD-DB-BU-c2646fd298d0041f201fefabbe5ab62d\Qiqqa.library
../base-backup-Alt-0\OLD-DB-BU-101e33d3dee7be890bc8dd7e2ce00af1\Qiqqa.library
../base-prev-KingDian\1B9D5176-E568-4BB7-98F1-C09A5DBE5C3D\Qiqqa.library
../base-backup\OLD-DB-BU-763f0e15229985b89fe46346e61dd6f2\Qiqqa.library
../copied_qiqqa_databases-SSD-0001\Qiqqa.(9).library
../base-Alt-0\OLD-DB-BU-65c3b52c6ea7315c9fe4972499820f04\Qiqqa.library
../base-Qdrv\OLD-DB-BU-732501998468fdf7dbc85febd34316b7\Qiqqa.library
../base.Alt-1\INTRANET_69E3DB17-5C6F-45D1-B2D2-0A62CFC07551\Qiqqa.library
../base-backup-Alt-0\3A614D8C-0882-4CAB-8FBD-A9E494093283\Qiqqa.library
../copied_qiqqa_databases-Qdrv\Qiqqa.(4).library
../copied_qiqqa_databases-revengin-2\Qiqqa (21).library
../copied_qiqqa_databases-Alt3-old.D.drv\Qiqqa (2).library
../copied_qiqqa_databases\Qiqqa.(33).library
../copied_qiqqa_databases-Alt-0\Qiqqa.(34).library
../base-SSD-0001\OLD-DB-BU-0f001906c40ce1f0d25a908d3a2fea07\Qiqqa.library
../base-backup-SSD-0001\OLD-DB-BU-8581d7aec1d11a037755d091888c9b4f\Qiqqa.library
../base-SSD-0001\5FB85694-536D-4A90-AF13-0306AEE091B6\Qiqqa.library
../copied_qiqqa_databases-KingDian\b1\Guest-copy\Qiqqa.library
../base-Qdrv\OLD-DB-BU-0f001906c40ce1f0d25a908d3a2fea07\Qiqqa.library
../base-backup\OLD-DB-BU-a54cb72635f2d503773dd8f9f59c9947\Qiqqa.library
../base-backup-KingDian\OLD-DB-BU-763f0e15229985b89fe46346e61dd6f2\Qiqqa.library
../export-library-SSD-0001\Qiqqa.LibraryMetadata.s3db
../base-backup-Alt-0\INTRANET_A863F89A-6729-49FD-9DDE-AEA03E698867\Qiqqa.library
../base-Alt-0\OLD-DB-BU-11f21ffa0237dba8ff65aca11335a16a\Qiqqa.library
../base-Alt-0\5FB85694-536D-4A90-AF13-0306AEE091B6\Qiqqa.library
../copied_qiqqa_databases-KingDian\Qiqqa.(13).library
../base-backup-Qdrv\OLD-DB-BU-a2f1c2081059457ac986bb05e71fdcd5\Qiqqa.library
../example-sync-point-rootdir\Qiqqa.LibraryMetadata.s3db
../base-backup-Qdrv\OLD-DB-BU-3bd01a4cbc4c2c0146ec1252553dc082\Qiqqa.library
../base-backup\Guest\Qiqqa.library
../copied_qiqqa_databases\b1\55C8B7E5-CE6C-49E4-8B4B-71C0002B06F4-copy\Qiqqa.library
../copied_qiqqa_databases-Qdrv\Qiqqa.(11).library
../base-KingDian\OLD-DB-BU-cd5d1aea0de7b32e1ae9b741423ebe8b\Qiqqa.library
../base-backup-Alt-0\INTRANET_0D4E8DC2-412B-461D-B359-63E40F1359B9\Qiqqa.library
../copied_qiqqa_databases-SSD-0001\Qiqqa.(17).library
../copied_qiqqa_databases-Alt3-old.D.drv\Qiqqa (15).library
../base-prev-Alt5-drv.D.F\3A614D8C-0882-4CAB-8FBD-A9E494093283\Qiqqa.library
../base-backup\INTRANET_C193EB5E-1C94-40F1-BCF9-4FF596ECA5F9\Qiqqa.library
../base\Guest1\Qiqqa.library
../copied_qiqqa_databases-revengin-2\Qiqqa (3).library
../base-backup-SSD-0001\Guest2\Qiqqa.library
../base-Alt-0\OLD-DB-BU-65bf16386926b5c8daef1229daf15d23\Qiqqa(2).library
../evil-Qdrv\INTRANET_2B8E19DE-A7C5-4867-93E8-C3177957E09C\Qiqqa.library
../base-backup-KingDian\1B9D5176-E568-4BB7-98F1-C09A5DBE5C3D\Qiqqa.library
../base-backup-Qdrv\OLD-DB-BU-80bed78042e6331663b07daa51893013\Qiqqa.library
../copied_qiqqa_databases-KingDian\Qiqqa.(24).library
../copied_qiqqa_databases\Qiqqa.(8).library
../copied_qiqqa_databases\b1\1B9D5176-E568-4BB7-98F1-C09A5DBE5C3D\Qiqqa.library
../base-backup-Alt-0\UnitTest\Qiqqa.library
../base-backup-SSD-0001\OLD-DB-BU-732501998468fdf7dbc85febd34316b7\Qiqqa.library
../base\OLD-DB-BU-dc92d2364b7140b024a2e1523a57f0dc\Qiqqa.library
../base-backup-KingDian\INTRANET_7E3224CC-58C4-45E2-BB0E-A659BE87BBA9\Qiqqa.library
../copied_qiqqa_databases-Qdrv\Qiqqa.(22).library
../base-SSD-0001\OLD-DB-BU-c8b926736a0ae2f42592f43beafcd4d3\Qiqqa.library
../base-prev-Qdrv\5FB85694-536D-4A90-AF13-0306AEE091B6\Qiqqa.library
../base\C9F0D079-EE4C-4A15-8547-72164A7A356D\Qiqqa.library
../base-Alt-0\OLD-DB-BU-701962591454ae1567e03cb81b9c6836\Qiqqa.library
../base-backup-SSD-0001\OLD-DB-BU-dc92d2364b7140b024a2e1523a57f0dc\Qiqqa.library
../evil-Qdrv\INTRANET_6A666D6C-8BC9-42D7-B49C-8A9AD17D39C5\Qiqqa.library
../base-Alt-0\OLD-DB-BU-c13872d4d6f9c6f355097ae0087d7a1f\Qiqqa(2).library
../base\OLD-DB-BU-a37afc4733ca6f956bd4d32b47a845c4\Qiqqa.library
../copied_qiqqa_databases-KingDian\Qiqqa.(35).library
../copied_qiqqa_databases\Qiqqa.(16).library
../copied_qiqqa_databases-Alt-0\Qiqqa.(17).library
../base-backup-SSD-0001\OLD-DB-BU-a37afc4733ca6f956bd4d32b47a845c4\Qiqqa.library
../base-backup-Qdrv\OLD-DB-BU-c13872d4d6f9c6f355097ae0087d7a1f\Qiqqa.library
../copied_qiqqa_databases-Qdrv\Qiqqa.(33).library
../base-Alt-0\OLD-DB-BU-65bf16386926b5c8daef1229daf15d23\Qiqqa.library
../qiqqaC9F0D079-EE4C-4A15-8547-72164A7A356D-SSD-KingDian\Qiqqa.LibraryMetadata.s3db
../base-Alt-0\OLD-DB-BU-5e0d0b8d6886ec15dc1f6395b25935ed\Qiqqa.library
../evil-base\INTRANET_E57B9774-4712-430E-93E0-E67433F7DF07\Qiqqa.library
../base-backup-KingDian\E5283F53-4D1B-40EF-B526-5626BC77F232\Qiqqa.library
../base\OLD-DB-BU-70bdc81864238eaf349b0ef6f9fccb0f\Qiqqa.library
../base-Alt-0\Guest2\Qiqqa.library
../base\INTRANET_EF52564A-831D-42F2-B956-815CF0418C08\Qiqqa.library
../copied_qiqqa_databases\b1\E5283F53-4D1B-40EF-B526-5626BC77F232\Qiqqa.library
../evil\INTRANET_6A666D6C-8BC9-42D7-B49C-8A9AD17D39C5\Qiqqa.library
../export-library\Qiqqa.LibraryMetadata.s3db
../base-backup\OLD-DB-BU-65c3b52c6ea7315c9fe4972499820f04\Qiqqa.library
../base-Alt-0\OLD-DB-BU-107544e1d9a54999fd27a57619357017\Qiqqa.library
../base-backup-SSD-0001\OLD-DB-BU-70bdc81864238eaf349b0ef6f9fccb0f\Qiqqa.library
../copied_qiqqa_databases-Qdrv\b1\3A614D8C-0882-4CAB-8FBD-A9E494093283\Qiqqa.library
../copied_qiqqa_databases-revengin-2\Qiqqa (15).library
../base-backup-Alt-0\OLD-DB-BU-c545fdb031a23ccb4e390382ee4ea762\Qiqqa.library
../base-KingDian\OLD-DB-BU-763f0e15229985b89fe46346e61dd6f2\Qiqqa.library
../base-backup-Qdrv\INTRANET_EF52564A-831D-42F2-B956-815CF0418C08\Qiqqa.library
../base-KingDian\Guest1\Qiqqa.library
../base-KingDian\INTRANET_7E3224CC-58C4-45E2-BB0E-A659BE87BBA9\Qiqqa.library
../copied_qiqqa_databases-KingDian\b1\1B9D5176-E568-4BB7-98F1-C09A5DBE5C3D\Qiqqa.library
../base-prev-Qdrv\55C8B7E5-CE6C-49E4-8B4B-71C0002B06F4\Qiqqa.library
../base-Alt-0\OLD-DB-BU-c8141a668b1018067ca74c994bd0fdab\Qiqqa.library
../base-backup-Alt-0\OLD-DB-BU-f5e20e3b27db4dbef66b9b5aed6036cc\Qiqqa.library
../base-Alt-0\UnitTest\Qiqqa.library
../copied_qiqqa_databases-Qdrv\b1\Guest-copy\Qiqqa.library
../base\OLD-DB-BU-e5660472a466dccfe337ca2281bd187e\Qiqqa.library
../base-Alt-0\INTRANET_0D4E8DC2-412B-461D-B359-63E40F1359B9\Qiqqa.library
../copied_qiqqa_databases-Qdrv\Qiqqa.(9).library
../../!R&D - Qiqqa and Zotero copies\Qiqqa\Guest\Qiqqa.library
../base-backup-SSD-0001\C9F0D079-EE4C-4A15-8547-72164A7A356D\Qiqqa.library
../copied_qiqqa_databases-Alt3-old.D.drv\Qiqqa (7).library
../base-backup\OLD-DB-BU-11f21ffa0237dba8ff65aca11335a16a\Qiqqa.library
../copied_qiqqa_databases\Qiqqa.(38).library
../base-KingDian\OLD-DB-BU-a54cb72635f2d503773dd8f9f59c9947\Qiqqa.library
../base-SSD-0001\Guest5\Qiqqa.library
../base\5FB85694-536D-4A90-AF13-0306AEE091B6\Qiqqa.library
../base-backup-Alt-0\OLD-DB-BU-8a55a328e9d8856cd706613185110812\Qiqqa.library
../base-backup-KingDian\UnitTest\Qiqqa.library
../base-backup-Alt-0\OLD-DB-BU-8b9777b742b3edcceb42fd0701047787\Qiqqa.library
../copied_qiqqa_databases-SSD-0001\Qiqqa.(20).library
../base-Alt-0\Guest-copy\Qiqqa.library
../base-prev-Qdrv\Guest\Qiqqa.library
../base-Qdrv\55C8B7E5-CE6C-49E4-8B4B-71C0002B06F4-copy\Qiqqa.library
../base-prev\55C8B7E5-CE6C-49E4-8B4B-71C0002B06F4\Qiqqa.library
../base-prev-Alt-0\E5283F53-4D1B-40EF-B526-5626BC77F232\Qiqqa.library
../copied_qiqqa_databases-KingDian\b1\E5283F53-4D1B-40EF-B526-5626BC77F232\Qiqqa.library
../base-Alt-0\OLD-DB-BU-54f2c85ce54666bcef6c38cd51d4c57c\Qiqqa.library
../copied_qiqqa_databases-Alt-0\Qiqqa.(4).library
../base-backup-SSD-0001\OLD-DB-BU-fa051550e7c300446c1515804546b333\Qiqqa.library
../base-backup\INTRANET_FFFF9774-FFFF-FFFF-FFFF-E67433F7FFFF\Qiqqa.library
../copied_qiqqa_databases-KingDian\Qiqqa.(18).library
../base-OS-Alt-0\UnitTest\Qiqqa(2).library
../base-backup-KingDian\OLD-DB-BU-11f21ffa0237dba8ff65aca11335a16a\Qiqqa.library
../base-backup-Qdrv\OLD-DB-BU-8581d7aec1d11a037755d091888c9b4f\Qiqqa.library
../base-SSD-0001\OLD-DB-BU-dc92d2364b7140b024a2e1523a57f0dc\Qiqqa.library
../evil-base-Alt-0\INTRANET-EVIL-PDF-SAMPLES-FOR-QIQQA\Qiqqa.LibraryMetadata.s3db
../qiqqa-debwot-data-SSD-0001\C9F0D079-EE4C-4A15-8547-72164A7A356D\Qiqqa.library
../base-Alt-0\INTRANET_7E3224CC-58C4-45E2-BB0E-A659BE87BBA9\Qiqqa(2).library
../base-backup-Qdrv\OLD-DB-BU-3970eebcbeed0c7c8b66f00d6072fe24\Qiqqa.library
../copied_qiqqa_databases-Qdrv\Qiqqa.(16).library
../base\OLD-DB-BU-f5e20e3b27db4dbef66b9b5aed6036cc\Qiqqa.library
../base-Qdrv\INTRANET_A863F89A-6729-49FD-9DDE-AEA03E698867\Qiqqa.library
../base-Qdrv\OLD-DB-BU-dc92d2364b7140b024a2e1523a57f0dc\Qiqqa.library
../base-backup-Alt-0\OLD-DB-BU-d33d5e6904b53a9c307945a7f675cc20\Qiqqa.library
../copied_qiqqa_databases-revengin-2\Qiqqa (8).library
../base-backup-Alt-0\OLD-DB-BU-9730276e6f1ed3a6ac0ad287b113f1ac\Qiqqa.library
../base-prev-KingDian\Guest-prev\Qiqqa.library
../copied_qiqqa_databases\b1\7262F045-AF05-4A6C-BA4C-E1F2DEB1C6F1\Qiqqa.library
../base-SSD-0001\OLD-DB-BU-a37afc4733ca6f956bd4d32b47a845c4\Qiqqa.library
../base-backup-Alt-0\Guest1\Qiqqa.library
../base-Qdrv\INTRANET_0D4E8DC2-412B-461D-B359-63E40F1359B9\Qiqqa.library
../base-backup-KingDian\INTRANET_E57B9774-4712-430E-93E0-E67433F7DF07\Qiqqa.library
../copied_qiqqa_databases-KingDian\Qiqqa.(2).library
../base-Qdrv\OLD-DB-BU-a37afc4733ca6f956bd4d32b47a845c4\Qiqqa.library
../base\OLD-DB-BU-8b9777b742b3edcceb42fd0701047787\Qiqqa.library
../base-prev-KingDian\101B96DE-F964-44E7-ACD4-3EC8939BB83C\Qiqqa.library
../base\Guest2\Qiqqa.library
../base-backup\Guest3\Qiqqa.library
../base-prev-KingDian\E5283F53-4D1B-40EF-B526-5626BC77F232\Qiqqa.library
../base-SSD-0001\OLD-DB-BU-70bdc81864238eaf349b0ef6f9fccb0f\Qiqqa.library
../base-backup\OLD-DB-BU-65bf16386926b5c8daef1229daf15d23\Qiqqa.library
../base-Alt3-old.D.drv\3A614D8C-0882-4CAB-8FBD-A9E494093283\Qiqqa.library
../base-backup-SSD-0001\5FB85694-536D-4A90-AF13-0306AEE091B6\Qiqqa.library
../base\OLD-DB-BU-101e33d3dee7be890bc8dd7e2ce00af1\Qiqqa.library
../copied_qiqqa_databases-SSD-0001\Qiqqa.(6).library
../base-KingDian\Guest-copy\Qiqqa.library
../base-Qdrv\OLD-DB-BU-70bdc81864238eaf349b0ef6f9fccb0f\Qiqqa.library
../base-Qdrv\INTRANET_E57B9774-4712-430E-93E0-E67433F7DF07\Qiqqa.library
../base-Alt-0\OLD-DB-BU-23e5adf752e2473c86826b2a558bceb2\Qiqqa.library
../base-backup-KingDian\OLD-DB-BU-a54cb72635f2d503773dd8f9f59c9947\Qiqqa.library
../base-prev\55C8B7E5-CE6C-49E4-8B4B-71C0002B06F4-copy\Qiqqa.library
../base-backup-Alt-0\1B9D5176-E568-4BB7-98F1-C09A5DBE5C3D\Qiqqa.library
../base-backup-SSD-0001\OLD-DB-BU-101e33d3dee7be890bc8dd7e2ce00af1\Qiqqa.library
../base-backup-Qdrv\OLD-DB-BU-732501998468fdf7dbc85febd34316b7\Qiqqa.library
../base-Qdrv\INTRANET-OLD-BIG-DB\Qiqqa.LibraryMetadata.s3db
../Qiqqa-SSD-KingDian\sync-points\floating-point\Qiqqa.LibraryMetadata.s3db
../base-KingDian\50458EE8-7789-4B50-9CEC-B0D8B8B327D6\Qiqqa.library
../copied_qiqqa_databases-Qdrv\Qiqqa.(38).library
../base\OLD-DB-BU-d33d5e6904b53a9c307945a7f675cc20\Qiqqa.library
../base-KingDian\OLD-DB-BU-65c3b52c6ea7315c9fe4972499820f04\Qiqqa.library
../base\OLD-DB-BU-9730276e6f1ed3a6ac0ad287b113f1ac\Qiqqa.library
../base-KingDian\B91A9A6C-07EC-4789-AA77-9953DCB4FD55\Qiqqa.library
../base-Qdrv\3A614D8C-0882-4CAB-8FBD-A9E494093283\Qiqqa.library
../base-prev-Qdrv\55C8B7E5-CE6C-49E4-8B4B-71C0002B06F4-copy\Qiqqa.library
../base-SSD-0001\55C8B7E5-CE6C-49E4-8B4B-71C0002B06F4\Qiqqa.library
../base-Alt-0\OLD-DB-BU-a2f1c2081059457ac986bb05e71fdcd5\Qiqqa.library
../base-Alt-0\S3DB-ISSUE-142\Qiqqa.LibraryMetadata.s3db
../base-SSD-0001\OLD-DB-BU-e5660472a466dccfe337ca2281bd187e\Qiqqa.library
../../SopKonijn\!QIQQA-pdf-watch-dir\!1\Quantisle\Qiqqa\INTRANET_4165E79E-85D3-4533-A283-795C6AB7626D\Qiqqa.library
../base-prev-Alt-0\7262F045-AF05-4A6C-BA4C-E1F2DEB1C6F1\Qiqqa.library
../copied_qiqqa_databases-KingDian\b1\7262F045-AF05-4A6C-BA4C-E1F2DEB1C6F1\Qiqqa.library
../base-backup-Qdrv\OLD-DB-BU-0f001906c40ce1f0d25a908d3a2fea07\Qiqqa.library
../base\OLD-DB-BU-07301b7f4f141d49deac1aa4ca8adbd3\Qiqqa.library
../base-KingDian\INTRANET_E57B9774-4712-430E-93E0-E67433F7DF07\Qiqqa.library
../evil\INTRANET_2B8E19DE-A7C5-4867-93E8-C3177957E09C\Qiqqa.library
../copied_qiqqa_databases-KingDian\Qiqqa.(10).library
../base-Alt-0\55C8B7E5-CE6C-49E4-8B4B-71C0002B06F4\Qiqqa.library
../base-Qdrv\OLD-DB-BU-e5660472a466dccfe337ca2281bd187e\Qiqqa.library
../base-OS\UnitTest\Qiqqa.library
../base-prev-Alt5-drv.D.F\B6318A57-2EF4-470D-A012-2332EEAE1754\Qiqqa.library
../base-backup-Alt-0\E5283F53-4D1B-40EF-B526-5626BC77F232\Qiqqa.library
../base-SSD-0001\OLD-DB-BU-fa051550e7c300446c1515804546b333\Qiqqa.library
../copied_qiqqa_databases-SSD-0001\Qiqqa.(14).library
../base-backup-SSD-0001\S3DB-ISSUE-142\Qiqqa.LibraryMetadata.s3db
../copied_qiqqa_databases-Alt3-old.D.drv\Qiqqa (12).library
../base-Qdrv\S3DB-ISSUE-142\Qiqqa.LibraryMetadata.s3db
../base-Alt3-old.D.drv\Guest\Qiqqa.library
../base-prev-Alt5-drv.D.F\1B9D5176-E568-4BB7-98F1-C09A5DBE5C3D\Qiqqa.library
../base-KingDian\OLD-DB-BU-11f21ffa0237dba8ff65aca11335a16a\Qiqqa.library
../qiqqaC9F0D079-EE4C-4A15-8547-72164A7A356D-Q-TestDrive\Qiqqa.LibraryMetadata.s3db
../base-Qdrv\OLD-DB-BU-fa051550e7c300446c1515804546b333\Qiqqa.library
../base-Alt-0\OLD-DB-BU-c545fdb031a23ccb4e390382ee4ea762\Qiqqa(2).library
../copied_qiqqa_databases-Qdrv\Qiqqa.2018-07-29.DB.copy.before.library
../base-backup\OLD-DB-BU-54f2c85ce54666bcef6c38cd51d4c57c\Qiqqa.library
../copied_qiqqa_databases-KingDian\Qiqqa.(21).library
../copied_qiqqa_databases\Qiqqa.(5).library
../base-backup-Alt-0\C9F0D079-EE4C-4A15-8547-72164A7A356D\Qiqqa (2).library
../evil-SSD-0001\INTRANET_CEBF5B6F-0057-4B85-8CCA-15B16E8E66EC\Qiqqa.library
../base-backup-KingDian\Guest5\Qiqqa.library
../base-prev-KingDian\7262F045-AF05-4A6C-BA4C-E1F2DEB1C6F1\Qiqqa.library
../copied_qiqqa_databases-SSD-0001\Qiqqa.(25).library
../qiqqaC9F0D079-EE4C-4A15-8547-72164A7A356D-SSD0001\C9F0D079-EE4C-4A15-8547-72164A7A356D\Qiqqa.library
../base-OS-KingDian\Guest2\Qiqqa.library
../base-backup\INTRANET_EF52564A-831D-42F2-B956-815CF0418C08\Qiqqa.library
../base-Alt-0\OLD-DB-BU-c13872d4d6f9c6f355097ae0087d7a1f\Qiqqa.library
../copied_qiqqa_databases-Alt-0\Qiqqa.(9).library
../base-prev-Alt5-drv.D.F\101B96DE-F964-44E7-ACD4-3EC8939BB83C\Qiqqa.library
../base-prev-Alt5-drv.D.F\E5283F53-4D1B-40EF-B526-5626BC77F232\Qiqqa.library
../copied_qiqqa_databases-KingDian\Qiqqa.(32).library
../base-backup-Alt-0\OLD-DB-BU-a5f0a36f2506c7ec903620094e904377\Qiqqa.library
../base-OS-KingDian\UnitTest\Qiqqa.library
../base-backup-Qdrv\Guest1\Qiqqa.library
../base-backup-Qdrv\OLD-DB-BU-c8b926736a0ae2f42592f43beafcd4d3\Qiqqa.library
../base-backup-KingDian\OLD-DB-BU-65c3b52c6ea7315c9fe4972499820f04\Qiqqa.library
../copied_qiqqa_databases\Qiqqa.(13).library
../base-backup-Alt-0\OLD-DB-BU-834d35d7ae2873655213c7f3f3bbe126\Qiqqa.library
../copied_qiqqa_databases-Alt-0\Qiqqa.(14).library
../base-KingDian\OLD-DB-BU-701962591454ae1567e03cb81b9c6836\Qiqqa.library
../copied_qiqqa_databases-SSD-0001\Qiqqa.(36).library
../base-prev-SSD-0001\5FB85694-536D-4A90-AF13-0306AEE091B6\Qiqqa.library
../base-backup-SSD-0001\OLD-DB-BU-e5660472a466dccfe337ca2281bd187e\Qiqqa.library
../base-SSD-0001\OLD-DB-BU-101e33d3dee7be890bc8dd7e2ce00af1\Qiqqa.library
../base-prev-Alt-0\50458EE8-7789-4B50-9CEC-B0D8B8B327D6\Qiqqa.library
../copied_qiqqa_databases-KingDian\b1\50458EE8-7789-4B50-9CEC-B0D8B8B327D6\Qiqqa.library
../copied_qiqqa_databases-Qdrv\b1\B6318A57-2EF4-470D-A012-2332EEAE1754\Qiqqa.library
../base-backup-Qdrv\OLD-DB-BU-c2646fd298d0041f201fefabbe5ab62d\Qiqqa.library
../base\INTRANET_7E3224CC-58C4-45E2-BB0E-A659BE87BBA9\Qiqqa.library
../base-prev-Alt-0\B91A9A6C-07EC-4789-AA77-9953DCB4FD55\Qiqqa.library
../base-Qdrv\OLD-DB-BU-101e33d3dee7be890bc8dd7e2ce00af1\Qiqqa.library
../base-backup-KingDian\INTRANET_A863F89A-6729-49FD-9DDE-AEA03E698867\Qiqqa.library
../base-backup-Qdrv\3A614D8C-0882-4CAB-8FBD-A9E494093283\Qiqqa.library
../copied_qiqqa_databases-Qdrv\b1\1B9D5176-E568-4BB7-98F1-C09A5DBE5C3D\Qiqqa.library
../base-backup\OLD-DB-BU-23e5adf752e2473c86826b2a558bceb2\Qiqqa.library
../copied_qiqqa_databases-revengin-2\Qiqqa (12).library
../base-KingDian\OLD-DB-BU-65bf16386926b5c8daef1229daf15d23\Qiqqa.library
../base-KingDian\OLD-DB-BU-5e0d0b8d6886ec15dc1f6395b25935ed\Qiqqa.library
../base\OLD-DB-BU-c545fdb031a23ccb4e390382ee4ea762\Qiqqa.library
../copied_qiqqa_databases-KingDian\Qiqqa.(7).library
../copied_qiqqa_databases\Qiqqa.(24).library
../copied_qiqqa_databases-Alt-0\Qiqqa.(25).library
../copied_qiqqa_databases\b1\Guest-copy\Qiqqa.library
../../SopKonijn\!QIQQA-pdf-watch-dir\!1\Quantisle\Qiqqa\Guest\backup1\temp-backup-while-running1\Qiqqa.library
../base-backup-Qdrv\INTRANET_7E3224CC-58C4-45E2-BB0E-A659BE87BBA9\Qiqqa.library
C:\Users\Ger\Downloads\nzb's\Qiqqa.LibraryMetadata.s3db
../base-backup\3A614D8C-0882-4CAB-8FBD-A9E494093283\Qiqqa.library
../base-backup-Alt-0\Guest2\Qiqqa.library
../base-backup-KingDian\INTRANET_0D4E8DC2-412B-461D-B359-63E40F1359B9\Qiqqa.library
../base-Qdrv\OLD-DB-BU-9730276e6f1ed3a6ac0ad287b113f1ac\Qiqqa.library
../base\OLD-DB-BU-a5f0a36f2506c7ec903620094e904377\Qiqqa.library
../base-SSD-0001\OLD-DB-BU-07301b7f4f141d49deac1aa4ca8adbd3\Qiqqa.library
../copied_qiqqa_databases-Qdrv\Qiqqa.(6).library
../copied_qiqqa_databases-revengin-2\Qiqqa (23).library
../base-backup-KingDian\OLD-DB-BU-23e5adf752e2473c86826b2a558bceb2\Qiqqa.library
../base-backup\OLD-DB-BU-701962591454ae1567e03cb81b9c6836\Qiqqa.library
../copied_qiqqa_databases-Alt3-old.D.drv\Qiqqa (4).library
../base-KingDian\OLD-DB-BU-c8141a668b1018067ca74c994bd0fdab\Qiqqa.library
../base-backup-SSD-0001\OLD-DB-BU-f5e20e3b27db4dbef66b9b5aed6036cc\Qiqqa.library
../copied_qiqqa_databases\Qiqqa.(35).library
../copied_qiqqa_databases-Alt-0\Qiqqa.(36).library
../base-prev-KingDian\50458EE8-7789-4B50-9CEC-B0D8B8B327D6\Qiqqa.library
../base-Qdrv\OLD-DB-BU-07301b7f4f141d49deac1aa4ca8adbd3\Qiqqa.library
../base\55C8B7E5-CE6C-49E4-8B4B-71C0002B06F4\Qiqqa.library
../copied_qiqqa_databases-Alt3-old.D.drv\Qiqqa.library
../base\OLD-DB-BU-8a55a328e9d8856cd706613185110812\Qiqqa.library
../base-prev-KingDian\B91A9A6C-07EC-4789-AA77-9953DCB4FD55\Qiqqa.library
C:\Users\Ger\Downloads\nzb's\nux3\Qiqqa.LibraryMetadata.s3db
../base-prev-SSD-0001\55C8B7E5-CE6C-49E4-8B4B-71C0002B06F4\Qiqqa.library
../base-backup-Alt-0\OLD-DB-BU-cd5d1aea0de7b32e1ae9b741423ebe8b\Qiqqa.library
../copied_qiqqa_databases-Qdrv\b1\E5283F53-4D1B-40EF-B526-5626BC77F232\Qiqqa.library
../base\UnitTest\Qiqqa.library
../copied_qiqqa_databases-Alt-0\Qiqqa.(13)(2).library
../base-backup-SSD-0001\Guest3\Qiqqa.library
../evil-Qdrv\INTRANET_CEBF5B6F-0057-4B85-8CCA-15B16E8E66EC\Qiqqa.library
../base-backup\OLD-DB-BU-5e0d0b8d6886ec15dc1f6395b25935ed\Qiqqa.library
../evil-Qdrv\Guest\Qiqqa.library
../base-backup-SSD-0001\OLD-DB-BU-8b9777b742b3edcceb42fd0701047787\Qiqqa.library
../base-KingDian\INTRANET_A863F89A-6729-49FD-9DDE-AEA03E698867\Qiqqa.library
../copied_qiqqa_databases-KingDian\Qiqqa.(15).library
../base-prev-Alt5-drv.D.F\7262F045-AF05-4A6C-BA4C-E1F2DEB1C6F1\Qiqqa.library
../base-backup-KingDian\OLD-DB-BU-701962591454ae1567e03cb81b9c6836\Qiqqa.library
../base-backup\OLD-DB-BU-107544e1d9a54999fd27a57619357017\Qiqqa.library
../base-Alt-0\55C8B7E5-CE6C-49E4-8B4B-71C0002B06F4\Qiqqa(2).library
../copied_qiqqa_databases-Qdrv\Qiqqa.(13).library
../copied_qiqqa_databases-SSD-0001\Qiqqa.(19).library
../base-KingDian\INTRANET_0D4E8DC2-412B-461D-B359-63E40F1359B9\Qiqqa.library
../base-KingDian\OLD-DB-BU-54f2c85ce54666bcef6c38cd51d4c57c\Qiqqa.library
../base-Qdrv\Guest5\Qiqqa.library
../copied_qiqqa_databases-revengin-2\Qiqqa (5).library
../base-backup-KingDian\OLD-DB-BU-65bf16386926b5c8daef1229daf15d23\Qiqqa.library
../base-backup-KingDian\OLD-DB-BU-5e0d0b8d6886ec15dc1f6395b25935ed\Qiqqa.library
../base-backup\OLD-DB-BU-c8141a668b1018067ca74c994bd0fdab\Qiqqa.library
../base-backup-Qdrv\OLD-DB-BU-dc92d2364b7140b024a2e1523a57f0dc\Qiqqa.library
../base-Alt-0\OLD-DB-BU-3bd01a4cbc4c2c0146ec1252553dc082\Qiqqa.library
../base-backup-SSD-0001\OLD-DB-BU-d33d5e6904b53a9c307945a7f675cc20\Qiqqa.library
../base-backup-SSD-0001\OLD-DB-BU-9730276e6f1ed3a6ac0ad287b113f1ac\Qiqqa.library
../base-Alt3-old.D.drv\B6318A57-2EF4-470D-A012-2332EEAE1754\Qiqqa.library
../copied_qiqqa_databases-SSD-0001\b1\5FB85694-536D-4A90-AF13-0306AEE091B6\Qiqqa.library
../base-Alt-0\OLD-DB-BU-cd5d1aea0de7b32e1ae9b741423ebe8b\Qiqqa(2).library
../base-backup-KingDian\OLD-DB-BU-107544e1d9a54999fd27a57619357017\Qiqqa.library
../copied_qiqqa_databases-Qdrv\Qiqqa.(24).library
../base-Alt-0\Guest3\Qiqqa.library
../base-backup-Qdrv\OLD-DB-BU-a37afc4733ca6f956bd4d32b47a845c4\Qiqqa.library
../base-Alt3-old.D.drv\1B9D5176-E568-4BB7-98F1-C09A5DBE5C3D\Qiqqa.library
../backups-KingDian\Guest\Qiqqa.library
../base-backup-SSD-0001\OLD-DB-BU-07301b7f4f141d49deac1aa4ca8adbd3\Qiqqa.library
../base-backup-KingDian\B91A9A6C-07EC-4789-AA77-9953DCB4FD55\Qiqqa.library
../copied_qiqqa_databases-SSD-0001\Qiqqa(39).library
../copied_qiqqa_databases\b1\50458EE8-7789-4B50-9CEC-B0D8B8B327D6\Qiqqa.library
../base-Alt-0\OLD-DB-BU-80bed78042e6331663b07daa51893013\Qiqqa.library
../copied_qiqqa_databases-SSD-0001\Qiqqa.(3).library
../base-backup-KingDian\OLD-DB-BU-c8141a668b1018067ca74c994bd0fdab\Qiqqa.library
../copied_qiqqa_databases\b1\B91A9A6C-07EC-4789-AA77-9953DCB4FD55\Qiqqa.library
../base-SSD-0001\OLD-DB-BU-c545fdb031a23ccb4e390382ee4ea762\Qiqqa.library
../copied_qiqqa_databases-KingDian\Qiqqa.(37).library
../ZZZ (new)\base\Guest\Qiqqa.library
../base-KingDian\Guest2\Qiqqa.library
../base-backup-Qdrv\OLD-DB-BU-70bdc81864238eaf349b0ef6f9fccb0f\Qiqqa.library
../copied_qiqqa_databases\Qiqqa.(18).library
../base-Qdrv\B6318A57-2EF4-470D-A012-2332EEAE1754\Qiqqa.library
../base-backup-Alt-0\OLD-DB-BU-763f0e15229985b89fe46346e61dd6f2\Qiqqa.library
../copied_qiqqa_databases-Alt-0\Qiqqa.(19).library
../base-Qdrv\OLD-DB-BU-c545fdb031a23ccb4e390382ee4ea762\Qiqqa.library
../copied_qiqqa_databases-Qdrv\Qiqqa.(35).library
../base-Alt-0\OLD-DB-BU-0f001906c40ce1f0d25a908d3a2fea07\Qiqqa.library
../base-Qdrv\1B9D5176-E568-4BB7-98F1-C09A5DBE5C3D\Qiqqa.library
../copied_qiqqa_databases-Qdrv\b1\7262F045-AF05-4A6C-BA4C-E1F2DEB1C6F1\Qiqqa.library
../base-KingDian\OLD-DB-BU-23e5adf752e2473c86826b2a558bceb2\Qiqqa.library
../base\INTRANET_E57B9774-4712-430E-93E0-E67433F7DF07\Qiqqa.library
../base-SSD-0001\OLD-DB-BU-f5e20e3b27db4dbef66b9b5aed6036cc\Qiqqa.library
../copied_qiqqa_databases-Qdrv\b1\55C8B7E5-CE6C-49E4-8B4B-71C0002B06F4-copy\Qiqqa.library
../base-prev\Guest-prev\Qiqqa.library
../base-backup-Qdrv\Guest2\Qiqqa.library
../base\OLD-DB-BU-ccecd1e818dec1ac9638625bc5f415d9\Qiqqa.library
../example-sync-point-rootdir-SSD-KingDian\Qiqqa.LibraryMetadata.s3db
../../SopKonijn\!QIQQA-pdf-watch-dir\!1\Quantisle\BUNDLE_Guest.qiqqa_bundle-unpacked\Qiqqa.library
../base-Qdrv\OLD-DB-BU-f5e20e3b27db4dbef66b9b5aed6036cc\Qiqqa.library
../base-Alt3-old.D.drv\E5283F53-4D1B-40EF-B526-5626BC77F232\Qiqqa.library
../copied_qiqqa_databases-revengin-2\Qiqqa (17).library
../base-backup-Qdrv\UnitTest\Qiqqa.library
../copied_qiqqa_databases-SSD-0001\b1\55C8B7E5-CE6C-49E4-8B4B-71C0002B06F4\Qiqqa.library
../base-SSD-0001\OLD-DB-BU-8a55a328e9d8856cd706613185110812\Qiqqa.library
../base-backup-KingDian\OLD-DB-BU-54f2c85ce54666bcef6c38cd51d4c57c\Qiqqa.library
../evil-KingDian\INTRANET_2B8E19DE-A7C5-4867-93E8-C3177957E09C\Qiqqa.library
../base-SSD-0001\OLD-DB-BU-8b9777b742b3edcceb42fd0701047787\Qiqqa.library
../copied_qiqqa_databases-SSD-0001\Qiqqa.(11).library
../base-Qdrv\OLD-DB-BU-8a55a328e9d8856cd706613185110812\Qiqqa.library
../qiqqaC9F0D079-EE4C-4A15-8547-72164A7A356D\C9F0D079-EE4C-4A15-8547-72164A7A356D\Qiqqa.library
../base-Qdrv\OLD-DB-BU-8b9777b742b3edcceb42fd0701047787\Qiqqa.library
../base-Qdrv\E5283F53-4D1B-40EF-B526-5626BC77F232\Qiqqa.library
../base-backup\UnitTest\Qiqqa.library
../copied_qiqqa_databases-Alt3-old.D.drv\Qiqqa (9).library
../copied_qiqqa_databases-KingDian\b1\B91A9A6C-07EC-4789-AA77-9953DCB4FD55\Qiqqa.library
../copied_qiqqa_databases\Qiqqa.(2).library
../base-backup-Qdrv\OLD-DB-BU-fa051550e7c300446c1515804546b333\Qiqqa.library
../evil-base-SSD-0001\INTRANET_E57B9774-4712-430E-93E0-E67433F7DF07\Qiqqa.library
../evil-KingDian\INTRANET_6A666D6C-8BC9-42D7-B49C-8A9AD17D39C5\Qiqqa.library
../base-Alt-0\3A614D8C-0882-4CAB-8FBD-A9E494093283\Qiqqa.library
../base-Alt-0\Guest3\Qiqqa(2).library
../copied_qiqqa_databases-KingDian\b1\55C8B7E5-CE6C-49E4-8B4B-71C0002B06F4-copy\Qiqqa.library
../copied_qiqqa_databases-SSD-0001\Qiqqa.(22).library
../base-SSD-0001\OLD-DB-BU-d33d5e6904b53a9c307945a7f675cc20\Qiqqa.library
../base-SSD-0001\OLD-DB-BU-9730276e6f1ed3a6ac0ad287b113f1ac\Qiqqa.library
../base-OS-Qdrv\UnitTest\Qiqqa.library
../base-Alt-0\OLD-DB-BU-c8b926736a0ae2f42592f43beafcd4d3\Qiqqa.library
../evil-base\INTRANET-EVIL-PDF-SAMPLES-FOR-QIQQA\Qiqqa.LibraryMetadata.s3db
../base-backup-SSD-0001\OLD-DB-BU-c545fdb031a23ccb4e390382ee4ea762\Qiqqa.library
../base-KingDian\OLD-DB-BU-107544e1d9a54999fd27a57619357017\Qiqqa.library
../base-Qdrv\OLD-DB-BU-d33d5e6904b53a9c307945a7f675cc20\Qiqqa.library
../copied_qiqqa_databases-Alt-0\Qiqqa.(6).library
../base-backup\OLD-DB-BU-a2f1c2081059457ac986bb05e71fdcd5\Qiqqa.library
../base-backup\INTRANET_7E3224CC-58C4-45E2-BB0E-A659BE87BBA9\Qiqqa.library
../base-OS-Qdrv\Guest2\Qiqqa.library
../base-backup-Alt-0\INTRANET-OLD-BIG-DB\Qiqqa.LibraryMetadata.s3db
../base-backup-KingDian\Guest\Qiqqa.library
../base-backup\OLD-DB-BU-3bd01a4cbc4c2c0146ec1252553dc082\Qiqqa.library
../base\Guest3\Qiqqa.library
../copied_qiqqa_databases\Qiqqa.(10).library
../base-Alt-0\OLD-DB-BU-c2646fd298d0041f201fefabbe5ab62d\Qiqqa.library
../base-backup-SSD-0001\INTRANET_FFFF9774-FFFF-FFFF-FFFF-E67433F7FFFF\Qiqqa.library
../base\OLD-DB-BU-834d35d7ae2873655213c7f3f3bbe126\Qiqqa.library
../base-prev-SSD-0001\Guest\Qiqqa.library
../copied_qiqqa_databases-SSD-0001\Qiqqa.(33).library
../copied_qiqqa_databases-Qdrv\Qiqqa.(18).library
../base-backup-SSD-0001\OLD-DB-BU-a5f0a36f2506c7ec903620094e904377\Qiqqa.library
../base-backup-SSD-0001\OLD-DB-BU-834d35d7ae2873655213c7f3f3bbe126\Qiqqa.library
../base-prev-Qdrv\3A614D8C-0882-4CAB-8FBD-A9E494093283\Qiqqa.library
../copied_qiqqa_databases-Alt-0\Qiqqa.2018-07-29.DB.copy.after.library
../base-backup\OLD-DB-BU-80bed78042e6331663b07daa51893013\Qiqqa.library
../base-Alt-0\OLD-DB-BU-8581d7aec1d11a037755d091888c9b4f\Qiqqa.library
../base-backup-SSD-0001\OLD-DB-BU-8a55a328e9d8856cd706613185110812\Qiqqa.library
../base-backup-KingDian\OLD-DB-BU-a2f1c2081059457ac986bb05e71fdcd5\Qiqqa.library
../base-backup-Qdrv\1B9D5176-E568-4BB7-98F1-C09A5DBE5C3D\Qiqqa.library
C:\Users\Ger\Downloads\qiqqaC9F0D079-EE4C-4A15-8547-72164A7A356D\Qiqqa.LibraryMetadata.s3db
../base-Alt-0\OLD-DB-BU-3970eebcbeed0c7c8b66f00d6072fe24\Qiqqa.library
../copied_qiqqa_databases-KingDian\Qiqqa.(4).library
../copied_qiqqa_databases\Qiqqa.(21).library
../copied_qiqqa_databases-Alt-0\Qiqqa.(22).library
../base-backup-Qdrv\OLD-DB-BU-101e33d3dee7be890bc8dd7e2ce00af1\Qiqqa.library
../base-backup-Alt-0\OLD-DB-BU-65c3b52c6ea7315c9fe4972499820f04\Qiqqa.library
../copied_qiqqa_databases-KingDian\b1\Guest-05\Qiqqa.library
../base-backup\1B9D5176-E568-4BB7-98F1-C09A5DBE5C3D\Qiqqa.library
../qiqqaC9F0D079-EE4C-4A15-8547-72164A7A356D\Qiqqa.LibraryMetadata.s3db
../base-backup-Alt-0\OLD-DB-BU-107544e1d9a54999fd27a57619357017\Qiqqa(2).library
../base-SSD-0001\OLD-DB-BU-ccecd1e818dec1ac9638625bc5f415d9\Qiqqa.library
../copied_qiqqa_databases-SSD-0001\Qiqqa.(8).library
../evil\INTRANET_CEBF5B6F-0057-4B85-8CCA-15B16E8E66EC\Qiqqa.library
../base-prev\3A614D8C-0882-4CAB-8FBD-A9E494093283\Qiqqa.library
../copied_qiqqa_databases-Qdrv\Qiqqa(39).library
../base-backup-KingDian\OLD-DB-BU-80bed78042e6331663b07daa51893013\Qiqqa.library
../copied_qiqqa_databases-Qdrv\Qiqqa.(3).library
../copied_qiqqa_databases-revengin-2\Qiqqa (20).library
../base-backup-SSD-0001\INTRANET_C193EB5E-1C94-40F1-BCF9-4FF596ECA5F9\Qiqqa.library
../base-Qdrv\7262F045-AF05-4A6C-BA4C-E1F2DEB1C6F1\Qiqqa.library
../base-Qdrv\OLD-DB-BU-ccecd1e818dec1ac9638625bc5f415d9\Qiqqa.library
../copied_qiqqa_databases\Qiqqa.(32).library
../base-backup\OLD-DB-BU-c13872d4d6f9c6f355097ae0087d7a1f\Qiqqa.library
../base-prev-Qdrv\B6318A57-2EF4-470D-A012-2332EEAE1754\Qiqqa.library
../copied_qiqqa_databases-Alt-0\Qiqqa.(33).library
../base-SSD-0001\INTRANET_FFFF9774-FFFF-FFFF-FFFF-E67433F7FFFF\Qiqqa.library
../backups-SSD-0001\QiqqaBackup.20190815011657\INTRANET_0D4E8DC2-412B-461D-B359-63E40F1359B9\Qiqqa.library
../../SopKonijn\!QIQQA-pdf-watch-dir\!1\Quantisle\Qiqqa\3A614D8C-0882-4CAB-8FBD-A9E494093283\Qiqqa.library
../base\OLD-DB-BU-cd5d1aea0de7b32e1ae9b741423ebe8b\Qiqqa.library
../base-SSD-0001\Guest-05\Qiqqa.library
../base\INTRANET_A863F89A-6729-49FD-9DDE-AEA03E698867\Qiqqa.library
../base-backup-Qdrv\E5283F53-4D1B-40EF-B526-5626BC77F232\Qiqqa.library
../base-backup-Qdrv\C9F0D079-EE4C-4A15-8547-72164A7A356D-1\Qiqqa.library
../base-KingDian\Guest\Qiqqa.library
../base-Alt-0\OLD-DB-BU-80bed78042e6331663b07daa51893013\Qiqqa(2).library
../base-KingDian\Guest3\Qiqqa.library
../copied_qiqqa_databases-Alt-0\Qiqqa.(15)(2).library
../base-backup-SSD-0001\OLD-DB-BU-cd5d1aea0de7b32e1ae9b741423ebe8b\Qiqqa.library
../base-Alt-0\OLD-DB-BU-732501998468fdf7dbc85febd34316b7\Qiqqa.library
../base-backup\E5283F53-4D1B-40EF-B526-5626BC77F232\Qiqqa.library
../../SopKonijn\!QIQQA-pdf-watch-dir\!1\Quantisle\Qiqqa.original\3A614D8C-0882-4CAB-8FBD-A9E494093283\Qiqqa.library
../base\INTRANET_0D4E8DC2-412B-461D-B359-63E40F1359B9\Qiqqa.library
../base-KingDian\C9F0D079-EE4C-4A15-8547-72164A7A356D\Qiqqa.library
../base-Alt-0\Guest\Qiqqa.library
../copied_qiqqa_databases-KingDian\Qiqqa.(12).library
../base-SSD-0001\Guest-copy\Qiqqa.library
../base-backup-Qdrv\INTRANET_A863F89A-6729-49FD-9DDE-AEA03E698867\Qiqqa.library
../base-Alt-0\OLD-DB-BU-ccecd1e818dec1ac9638625bc5f415d9\Qiqqa(2).library
../base-backup-KingDian\OLD-DB-BU-c13872d4d6f9c6f355097ae0087d7a1f\Qiqqa.library
../base-prev\B6318A57-2EF4-470D-A012-2332EEAE1754\Qiqqa.library
../base\3A614D8C-0882-4CAB-8FBD-A9E494093283\Qiqqa.library
../base-Alt-0\OLD-DB-BU-dc92d2364b7140b024a2e1523a57f0dc\Qiqqa.library
../copied_qiqqa_databases-Qdrv\Qiqqa.(10).library
../copied_qiqqa_databases-SSD-0001\Qiqqa.(16).library
../copied_qiqqa_databases-Alt3-old.D.drv\Qiqqa (14).library
../base-prev\1B9D5176-E568-4BB7-98F1-C09A5DBE5C3D\Qiqqa.library
../copied_qiqqa_databases-revengin-2\Qiqqa (2).library
../evil-KingDian\Guest\Qiqqa.library
../../SopKonijn\!QIQQA-pdf-watch-dir\!1\Quantisle\Qiqqa\B6318A57-2EF4-470D-A012-2332EEAE1754\Qiqqa.library
../base-SSD-0001\OLD-DB-BU-a5f0a36f2506c7ec903620094e904377\Qiqqa.library
../evil-base-Qdrv\INTRANET-EVIL-PDF-SAMPLES-FOR-QIQQA\Qiqqa.LibraryMetadata.s3db
../base-SSD-0001\INTRANET_C193EB5E-1C94-40F1-BCF9-4FF596ECA5F9\Qiqqa.library
../export-library-Qdrv\Qiqqa.LibraryMetadata.s3db
../copied_qiqqa_databases-KingDian\Qiqqa.(23).library
../base-prev-Alt5-drv.D.F\50458EE8-7789-4B50-9CEC-B0D8B8B327D6\Qiqqa.library
../copied_qiqqa_databases\Qiqqa.(7).library
../base-SSD-0001\OLD-DB-BU-834d35d7ae2873655213c7f3f3bbe126\Qiqqa.library
../base-Alt3-old.D.drv\101B96DE-F964-44E7-ACD4-3EC8939BB83C\Qiqqa.library
../base-prev-Alt5-drv.D.F\B91A9A6C-07EC-4789-AA77-9953DCB4FD55\Qiqqa.library
../base-Qdrv\OLD-DB-BU-a5f0a36f2506c7ec903620094e904377\Qiqqa.library
../base-prev-KingDian\Guest-copy\Qiqqa.library
../copied_qiqqa_databases-Qdrv\Qiqqa.(21).library
../base-backup-Qdrv\INTRANET_E57B9774-4712-430E-93E0-E67433F7DF07\Qiqqa.library
../base-backup-SSD-0001\OLD-DB-BU-ccecd1e818dec1ac9638625bc5f415d9\Qiqqa.library
../base-KingDian\OLD-DB-BU-a2f1c2081059457ac986bb05e71fdcd5\Qiqqa.library
../base-Qdrv\OLD-DB-BU-834d35d7ae2873655213c7f3f3bbe126\Qiqqa.library
../base-Alt-0\OLD-DB-BU-c8b926736a0ae2f42592f43beafcd4d3\Qiqqa(2).library
../base-KingDian\OLD-DB-BU-3bd01a4cbc4c2c0146ec1252553dc082\Qiqqa.library
../base-prev-Qdrv\Guest-prev\Qiqqa.library
../base-backup\INTRANET_E57B9774-4712-430E-93E0-E67433F7DF07\Qiqqa.library
../base-backup-Qdrv\OLD-DB-BU-e5660472a466dccfe337ca2281bd187e\Qiqqa.library
../base-SSD-0001\3A614D8C-0882-4CAB-8FBD-A9E494093283\Qiqqa.library
../copied_qiqqa_databases-KingDian\Qiqqa.(34).library
../base-backup-Alt-0\OLD-DB-BU-65bf16386926b5c8daef1229daf15d23\Qiqqa.library
../base-prev-Alt5-drv.D.F\Guest-copy\Qiqqa.library
../base-backup\OLD-DB-BU-8581d7aec1d11a037755d091888c9b4f\Qiqqa.library
../copied_qiqqa_databases\Qiqqa.(15).library
../base\OLD-DB-BU-763f0e15229985b89fe46346e61dd6f2\Qiqqa.library
../copied_qiqqa_databases-Alt-0\Qiqqa.(16).library
../base-backup\OLD-DB-BU-3970eebcbeed0c7c8b66f00d6072fe24\Qiqqa.library
../copied_qiqqa_databases-Qdrv\Qiqqa.(32).library
../base-backup-Alt-0\Guest3\Qiqqa.library
../[Lost & Found]\[2C61FA]\Qiqqa.library
./INTRANET-EVIL-PDF-SAMPLES-FOR-QIQQA\Qiqqa.LibraryMetadata.s3db
../base-KingDian\OLD-DB-BU-80bed78042e6331663b07daa51893013\Qiqqa.library
../copied_qiqqa_databases-SSD-0001\Qiqqa.(38).library
../base.Alt-1\Guest\Qiqqa.library
../base-KingDian\5FB85694-536D-4A90-AF13-0306AEE091B6\Qiqqa.library
../base-backup-SSD-0001\OLD-DB-BU-763f0e15229985b89fe46346e61dd6f2\Qiqqa.library
../base-Alt-0\OLD-DB-BU-07301b7f4f141d49deac1aa4ca8adbd3\Qiqqa(2).library
../../SopKonijn\!QIQQA-pdf-watch-dir\!1\Quantisle\Qiqqa\Guest\backup1\backup1\Qiqqa.library
../base-backup-Qdrv\OLD-DB-BU-c545fdb031a23ccb4e390382ee4ea762\Qiqqa.library
../base-backup-SSD-0001\3A614D8C-0882-4CAB-8FBD-A9E494093283\Qiqqa.library
../base-backup\Guest5\Qiqqa.library
../../SopKonijn\!QIQQA-pdf-watch-dir\!1\Quantisle\Qiqqa\Guest\backup1\backup20151022\Qiqqa.library
../base\Guest-copy\Qiqqa.library
../copied_qiqqa_databases-revengin-2\Qiqqa (14).library
../copied_qiqqa_databases-KingDian\Qiqqa.(9).library
../base-SSD-0001\Guest1\Qiqqa.library
../base\OLD-DB-BU-a54cb72635f2d503773dd8f9f59c9947\Qiqqa.library
../base-backup-KingDian\OLD-DB-BU-3970eebcbeed0c7c8b66f00d6072fe24\Qiqqa.library
../base-SSD-0001\B6318A57-2EF4-470D-A012-2332EEAE1754\Qiqqa.library
../base-backup-Qdrv\OLD-DB-BU-f5e20e3b27db4dbef66b9b5aed6036cc\Qiqqa.library
../base-SSD-0001\OLD-DB-BU-cd5d1aea0de7b32e1ae9b741423ebe8b\Qiqqa.library
../copied_qiqqa_databases-Qdrv\b1\50458EE8-7789-4B50-9CEC-B0D8B8B327D6\Qiqqa.library
../base-SSD-0001\1B9D5176-E568-4BB7-98F1-C09A5DBE5C3D\Qiqqa.library
../base-Qdrv\Guest-05\Qiqqa.library
../base-Alt-0\OLD-DB-BU-fa051550e7c300446c1515804546b333\Qiqqa.library
../base-SSD-0001\S3DB-ISSUE-142\Qiqqa.LibraryMetadata.s3db
../ZZZ (sharing,new)\tuti\Qiqqa.LibraryMetadata.s3db
../base-Qdrv\OLD-DB-BU-cd5d1aea0de7b32e1ae9b741423ebe8b\Qiqqa.library
../copied_qiqqa_databases-Qdrv\b1\B91A9A6C-07EC-4789-AA77-9953DCB4FD55\Qiqqa.library
../base-KingDian\OLD-DB-BU-c13872d4d6f9c6f355097ae0087d7a1f\Qiqqa.library
../base-Alt-0\OLD-DB-BU-8b9777b742b3edcceb42fd0701047787\Qiqqa(2).library
../base-Alt-0\B6318A57-2EF4-470D-A012-2332EEAE1754\Qiqqa.library
../copied_qiqqa_databases-Alt-0\Qiqqa.(16)(2).library
../copied_qiqqa_databases-Qdrv\Qiqqa.(8).library
../base-backup-Qdrv\OLD-DB-BU-8a55a328e9d8856cd706613185110812\Qiqqa.library
../example-sync-point-rootdir-Q-TestDrive\Qiqqa.LibraryMetadata.s3db
../base-backup\OLD-DB-BU-732501998468fdf7dbc85febd34316b7\Qiqqa.library
../copied_qiqqa_databases-Alt3-old.D.drv\Qiqqa (6).library
../base-backup-Qdrv\OLD-DB-BU-8b9777b742b3edcceb42fd0701047787\Qiqqa.library
../base-Alt-0\INTRANET_C193EB5E-1C94-40F1-BCF9-4FF596ECA5F9\Qiqqa.library
../copied_qiqqa_databases\Qiqqa.(37).library
../copied_qiqqa_databases-Alt-0\Qiqqa.(38).library
../base-backup-SSD-0001\C9F0D079-EE4C-4A15-8547-72164A7A356D-1\Qiqqa.library
../base-Alt-0\1B9D5176-E568-4BB7-98F1-C09A5DBE5C3D\Qiqqa.library
../base-Alt3-old.D.drv\7262F045-AF05-4A6C-BA4C-E1F2DEB1C6F1\Qiqqa.library
../base-backup-KingDian\OLD-DB-BU-3bd01a4cbc4c2c0146ec1252553dc082\Qiqqa.library
../base-backup-Alt-0\OLD-DB-BU-54f2c85ce54666bcef6c38cd51d4c57c\Qiqqa.library
../base-backup\OLD-DB-BU-0f001906c40ce1f0d25a908d3a2fea07\Qiqqa.library
../../SopKonijn\!QIQQA-pdf-watch-dir\!1\!from-old-drive.unchecked\!R&D - Qiqqa and Zotero copies\Qiqqa\Guest\Qiqqa.library
../copied_qiqqa_databases-Alt-0\Qiqqa.(3).library
../qiqqa-debwot-data-SSD-KingDian\C9F0D079-EE4C-4A15-8547-72164A7A356D\Qiqqa.library
../copied_qiqqa_databases-KingDian\Qiqqa.(17).library
../base-backup-Qdrv\OLD-DB-BU-d33d5e6904b53a9c307945a7f675cc20\Qiqqa.library
../base-prev-SSD-0001\Guest-prev\Qiqqa.library
../base-KingDian\OLD-DB-BU-c8b926736a0ae2f42592f43beafcd4d3\Qiqqa.library
../base-backup-Qdrv\OLD-DB-BU-9730276e6f1ed3a6ac0ad287b113f1ac\Qiqqa.library
../copied_qiqqa_databases-Qdrv\Qiqqa.(15).library
../base-prev-KingDian\55C8B7E5-CE6C-49E4-8B4B-71C0002B06F4-copy\Qiqqa.library
C:\Users\Ger\Downloads\nzb's\nex4\Qiqqa.LibraryMetadata.s3db
../base-Alt-0\E5283F53-4D1B-40EF-B526-5626BC77F232\Qiqqa.library
../copied_qiqqa_databases-revengin-2\Qiqqa (7).library
../base-prev-Qdrv\1B9D5176-E568-4BB7-98F1-C09A5DBE5C3D\Qiqqa.library
../base-Alt-0\OLD-DB-BU-101e33d3dee7be890bc8dd7e2ce00af1\Qiqqa.library
../base-backup-KingDian\OLD-DB-BU-0f001906c40ce1f0d25a908d3a2fea07\Qiqqa.library
../base-KingDian\OLD-DB-BU-c2646fd298d0041f201fefabbe5ab62d\Qiqqa.library
../base-backup-Qdrv\OLD-DB-BU-07301b7f4f141d49deac1aa4ca8adbd3\Qiqqa.library
../evil-base-Alt-0\INTRANET_E57B9774-4712-430E-93E0-E67433F7DF07\Qiqqa.library
../base-SSD-0001\OLD-DB-BU-763f0e15229985b89fe46346e61dd6f2\Qiqqa.library
../../SopKonijn\!QIQQA-pdf-watch-dir\!1\!from-old-drive.unchecked\!R&D - Qiqqa and Zotero copies\Qiqqa\3A614D8C-0882-4CAB-8FBD-A9E494093283\Qiqqa.library
../base\OLD-DB-BU-65c3b52c6ea7315c9fe4972499820f04\Qiqqa.library
../base-Qdrv\OLD-DB-BU-763f0e15229985b89fe46346e61dd6f2\Qiqqa.library
../base-backup-Alt-0\OLD-DB-BU-23e5adf752e2473c86826b2a558bceb2\Qiqqa.library
../copied_qiqqa_databases-Alt3-old.D.drv\Qiqqa 2018-07-29 DB copy before.library
../sync-points-Qdrv\floating-point\Qiqqa.LibraryMetadata.s3db
../base-KingDian\OLD-DB-BU-8581d7aec1d11a037755d091888c9b4f\Qiqqa.library
../sync-points-Alt-0\floating-point\Qiqqa.LibraryMetadata.s3db
../base-backup-Qdrv\Guest3\Qiqqa.library
../base-backup\INTRANET_A863F89A-6729-49FD-9DDE-AEA03E698867\Qiqqa.library
../copied_qiqqa_databases-Alt-0\Qiqqa.(25)(2).library
../base-prev-SSD-0001\3A614D8C-0882-4CAB-8FBD-A9E494093283\Qiqqa.library
../copied_qiqqa_databases-SSD-0001\Qiqqa.(5).library
../base-KingDian\OLD-DB-BU-3970eebcbeed0c7c8b66f00d6072fe24\Qiqqa.library
../base-backup-Alt-0\INTRANET_C193EB5E-1C94-40F1-BCF9-4FF596ECA5F9\Qiqqa.library
../base-backup-Qdrv\INTRANET_0D4E8DC2-412B-461D-B359-63E40F1359B9\Qiqqa.library
../base-backup\OLD-DB-BU-c8b926736a0ae2f42592f43beafcd4d3\Qiqqa.library
../base-SSD-0001\OLD-DB-BU-a54cb72635f2d503773dd8f9f59c9947\Qiqqa.library
../base-Alt3-old.D.drv\50458EE8-7789-4B50-9CEC-B0D8B8B327D6\Qiqqa.library
../evil-KingDian\INTRANET_CEBF5B6F-0057-4B85-8CCA-15B16E8E66EC\Qiqqa.library
../base-prev-Qdrv\101B96DE-F964-44E7-ACD4-3EC8939BB83C\Qiqqa.library
../base-backup\INTRANET_0D4E8DC2-412B-461D-B359-63E40F1359B9\Qiqqa.library
../base-prev-Qdrv\E5283F53-4D1B-40EF-B526-5626BC77F232\Qiqqa.library
../base-Alt-0\OLD-DB-BU-a37afc4733ca6f956bd4d32b47a845c4\Qiqqa.library
../base-Alt3-old.D.drv\B91A9A6C-07EC-4789-AA77-9953DCB4FD55\Qiqqa.library
../base-backup-KingDian\C9F0D079-EE4C-4A15-8547-72164A7A356D\Qiqqa.library
../../SopKonijn\!QIQQA-pdf-watch-dir\!1\Quantisle\Qiqqa\1B9D5176-E568-4BB7-98F1-C09A5DBE5C3D\Qiqqa.library
../copied_qiqqa_databases-SSD-0001\Qiqqa.2018-07-29.DB.copy.after.library
../copied_qiqqa_databases-Qdrv\Qiqqa.(37).library
../base-Qdrv\OLD-DB-BU-a54cb72635f2d503773dd8f9f59c9947\Qiqqa.library
../base-backup-Qdrv\OLD-DB-BU-ccecd1e818dec1ac9638625bc5f415d9\Qiqqa.library
../base-prev-KingDian\5FB85694-536D-4A90-AF13-0306AEE091B6\Qiqqa.library
../base-backup-Alt-0\OLD-DB-BU-701962591454ae1567e03cb81b9c6836\Qiqqa.library
../base-backup\OLD-DB-BU-c2646fd298d0041f201fefabbe5ab62d\Qiqqa.library
../base\OLD-DB-BU-11f21ffa0237dba8ff65aca11335a16a\Qiqqa.library
../base-backup-Qdrv\S3DB-ISSUE-142\Qiqqa.LibraryMetadata.s3db
../base-backup-KingDian\S3DB-ISSUE-142\Qiqqa.LibraryMetadata.s3db
../base-Alt-0\OLD-DB-BU-70bdc81864238eaf349b0ef6f9fccb0f\Qiqqa.library
../copied_qiqqa_databases-revengin-2\Qiqqa (19).library
../base-backup-KingDian\OLD-DB-BU-c8b926736a0ae2f42592f43beafcd4d3\Qiqqa.library
../base-Qdrv\50458EE8-7789-4B50-9CEC-B0D8B8B327D6\Qiqqa.library
../base-backup-SSD-0001\OLD-DB-BU-11f21ffa0237dba8ff65aca11335a16a\Qiqqa.library
../base\B6318A57-2EF4-470D-A012-2332EEAE1754\Qiqqa.library
../base-prev-SSD-0001\B6318A57-2EF4-470D-A012-2332EEAE1754\Qiqqa.library
../copied_qiqqa_databases\Qiqqa.2018-07-29.DB.copy.after.library
../base-Qdrv\B91A9A6C-07EC-4789-AA77-9953DCB4FD55\Qiqqa.library
../base-Alt-0\INTRANET-OLD-BIG-DB\Qiqqa.LibraryMetadata.s3db
../base-backup-SSD-0001\INTRANET_EF52564A-831D-42F2-B956-815CF0418C08\Qiqqa.library
../base-prev\101B96DE-F964-44E7-ACD4-3EC8939BB83C\Qiqqa.library
../base-prev\E5283F53-4D1B-40EF-B526-5626BC77F232\Qiqqa.library
../base-backup-KingDian\Guest1\Qiqqa.library
../base-backup-Alt-0\OLD-DB-BU-5e0d0b8d6886ec15dc1f6395b25935ed\Qiqqa.library
../copied_qiqqa_databases-SSD-0001\Qiqqa.2018-07-29.DB.copy.before.library
../base\1B9D5176-E568-4BB7-98F1-C09A5DBE5C3D\Qiqqa.library
../copied_qiqqa_databases-SSD-0001\Qiqqa.(13).library
../copied_qiqqa_databases-Alt3-old.D.drv\Qiqqa (11).library
../ZZZ (new)\base\INTRANET_42CD1F03-5AAA-4A28-9B03-768D6FE15EFA\Qiqqa.library
../base-KingDian\OLD-DB-BU-732501998468fdf7dbc85febd34316b7\Qiqqa.library
../base-Alt-0\INTRANET_FFFF9774-FFFF-FFFF-FFFF-E67433F7FFFF\Qiqqa.library
../base-backup-KingDian\OLD-DB-BU-c2646fd298d0041f201fefabbe5ab62d\Qiqqa.library
../base\INTRANET-OLD-BIG-DB\Qiqqa.LibraryMetadata.s3db
../copied_qiqqa_databases-revengin-2\Qiqqa 2018-07-29 DB copy before.library
../base-Alt-0\7262F045-AF05-4A6C-BA4C-E1F2DEB1C6F1\Qiqqa.library
../base-SSD-0001\Guest2\Qiqqa.library
../base-backup-Alt-0\OLD-DB-BU-107544e1d9a54999fd27a57619357017\Qiqqa.library
../copied_qiqqa_databases-KingDian\Qiqqa.(20).library
../qiqqaC9F0D079-EE4C-4A15-8547-72164A7A356D-Q-TestDrive\C9F0D079-EE4C-4A15-8547-72164A7A356D\Qiqqa.library
../base-Alt-0\OLD-DB-BU-9730276e6f1ed3a6ac0ad287b113f1ac\Qiqqa(2).library
../copied_qiqqa_databases\Qiqqa.(4).library
../backups-Qdrv\Guest\Qiqqa.library
../base-backup-SSD-0001\Guest5\Qiqqa.library
../base-Alt-0\OLD-DB-BU-e5660472a466dccfe337ca2281bd187e\Qiqqa.library
../base-prev-Alt5-drv.D.F\55C8B7E5-CE6C-49E4-8B4B-71C0002B06F4-copy\Qiqqa.library
../base-KingDian\OLD-DB-BU-0f001906c40ce1f0d25a908d3a2fea07\Qiqqa.library
../base-backup-KingDian\OLD-DB-BU-8581d7aec1d11a037755d091888c9b4f\Qiqqa.library
../base-OS-SSD-0001\Guest2\Qiqqa.library
../base-backup-Alt-0\OLD-DB-BU-c8141a668b1018067ca74c994bd0fdab\Qiqqa.library
../base\OLD-DB-BU-701962591454ae1567e03cb81b9c6836\Qiqqa.library
../copied_qiqqa_databases-Alt-0\Qiqqa.(34)(2).library
../example-sync-point-rootdir\Qiqqa.LibraryMetadata(2).s3db
../copied_qiqqa_databases-SSD-0001\Qiqqa.(24).library
../base-backup-Qdrv\OLD-DB-BU-a5f0a36f2506c7ec903620094e904377\Qiqqa.library
../base-SSD-0001\INTRANET-OLD-BIG-DB\Qiqqa.LibraryMetadata.s3db
../base-backup-KingDian\5FB85694-536D-4A90-AF13-0306AEE091B6\Qiqqa.library
../base-backup-SSD-0001\OLD-DB-BU-a54cb72635f2d503773dd8f9f59c9947\Qiqqa.library
../base\E5283F53-4D1B-40EF-B526-5626BC77F232\Qiqqa.library
../base-backup-Qdrv\OLD-DB-BU-834d35d7ae2873655213c7f3f3bbe126\Qiqqa.library
../copied_qiqqa_databases-Alt-0\Qiqqa.(8).library
../copied_qiqqa_databases\b1\5FB85694-536D-4A90-AF13-0306AEE091B6\Qiqqa.library
../qiqqa-debwot-data-Q-TestDrive\C9F0D079-EE4C-4A15-8547-72164A7A356D\Qiqqa.library
../base\OLD-DB-BU-65bf16386926b5c8daef1229daf15d23\Qiqqa.library
../base\OLD-DB-BU-5e0d0b8d6886ec15dc1f6395b25935ed\Qiqqa.library
../base-backup-SSD-0001\INTRANET_7E3224CC-58C4-45E2-BB0E-A659BE87BBA9\Qiqqa.library
../base-SSD-0001\INTRANET_EF52564A-831D-42F2-B956-815CF0418C08\Qiqqa.library
../copied_qiqqa_databases\Qiqqa.(12).library
../copied_qiqqa_databases-Alt-0\Qiqqa.(13).library
../base-prev-Qdrv\7262F045-AF05-4A6C-BA4C-E1F2DEB1C6F1\Qiqqa.library
../base-SSD-0001\OLD-DB-BU-65c3b52c6ea7315c9fe4972499820f04\Qiqqa.library
../copied_qiqqa_databases-SSD-0001\Qiqqa.(35).library
../base-Alt3-old.D.drv\Guest-copy\Qiqqa.library
../copied_qiqqa_databases-SSD-0001\b1\3A614D8C-0882-4CAB-8FBD-A9E494093283\Qiqqa.library
../example-sync-point-rootdir-SSD-0001\Qiqqa.LibraryMetadata.s3db
../base\OLD-DB-BU-107544e1d9a54999fd27a57619357017\Qiqqa.library
../base-Qdrv\OLD-DB-BU-65c3b52c6ea7315c9fe4972499820f04\Qiqqa.library
../base-KingDian\55C8B7E5-CE6C-49E4-8B4B-71C0002B06F4\Qiqqa.library
../base-backup\OLD-DB-BU-dc92d2364b7140b024a2e1523a57f0dc\Qiqqa.library
../base-backup-SSD-0001\1B9D5176-E568-4BB7-98F1-C09A5DBE5C3D\Qiqqa.library
../base-Alt-0\OLD-DB-BU-f5e20e3b27db4dbef66b9b5aed6036cc\Qiqqa.library
../base-Alt-0\Guest5\Qiqqa.library
../copied_qiqqa_databases-revengin-2\Qiqqa (11).library
../base\OLD-DB-BU-c8141a668b1018067ca74c994bd0fdab\Qiqqa.library
../copied_qiqqa_databases-KingDian\Qiqqa.(6).library
../copied_qiqqa_databases\Qiqqa.(23).library
../copied_qiqqa_databases-Alt-0\Qiqqa.(24).library
../base-SSD-0001\E5283F53-4D1B-40EF-B526-5626BC77F232\Qiqqa.library
../base-prev\Guest-copy\Qiqqa.library
../base-backup-KingDian\OLD-DB-BU-732501998468fdf7dbc85febd34316b7\Qiqqa.library
../base-backup-Alt-0\INTRANET_FFFF9774-FFFF-FFFF-FFFF-E67433F7FFFF\Qiqqa.library
C:\Users\Ger\Downloads\nzb's\nux\Qiqqa.LibraryMetadata.s3db
../base-prev\7262F045-AF05-4A6C-BA4C-E1F2DEB1C6F1\Qiqqa.library
../base-backup\OLD-DB-BU-a37afc4733ca6f956bd4d32b47a845c4\Qiqqa.library
../base-Alt-0\OLD-DB-BU-8b9777b742b3edcceb42fd0701047787\Qiqqa.library
../base-SSD-0001\OLD-DB-BU-11f21ffa0237dba8ff65aca11335a16a\Qiqqa.library
../base-backup-Qdrv\B91A9A6C-07EC-4789-AA77-9953DCB4FD55\Qiqqa.library
../base-backup-KingDian\OLD-DB-BU-dc92d2364b7140b024a2e1523a57f0dc\Qiqqa.library
../copied_qiqqa_databases-SSD-0001\b1\B6318A57-2EF4-470D-A012-2332EEAE1754\Qiqqa.library
../base-Qdrv\OLD-DB-BU-11f21ffa0237dba8ff65aca11335a16a\Qiqqa.library
../copied_qiqqa_databases-Qdrv\Qiqqa.(5).library
../export-library-KingDian\Qiqqa.LibraryMetadata.s3db
../copied_qiqqa_databases-revengin-2\Qiqqa (22).library
../base-Alt-0\50458EE8-7789-4B50-9CEC-B0D8B8B327D6\Qiqqa(2).library
../base-backup\OLD-DB-BU-70bdc81864238eaf349b0ef6f9fccb0f\Qiqqa.library
../base-backup-Qdrv\OLD-DB-BU-cd5d1aea0de7b32e1ae9b741423ebe8b\Qiqqa.library
../base-prev-Qdrv\Guest-copy\Qiqqa.library
../copied_qiqqa_databases-Alt3-old.D.drv\Qiqqa (3).library
../copied_qiqqa_databases\Qiqqa.(34).library
../base-SSD-0001\INTRANET_7E3224CC-58C4-45E2-BB0E-A659BE87BBA9\Qiqqa.library
../base-backup\B91A9A6C-07EC-4789-AA77-9953DCB4FD55\Qiqqa.library
../copied_qiqqa_databases-KingDian\b1\5FB85694-536D-4A90-AF13-0306AEE091B6\Qiqqa.library
../copied_qiqqa_databases-Alt-0\Qiqqa.(35).library
../base-backup-SSD-0001\E5283F53-4D1B-40EF-B526-5626BC77F232\Qiqqa.library
../copied_qiqqa_databases-Qdrv\Qiqqa.2018-07-29.DB.copy.after.library
../base-backup-KingDian\OLD-DB-BU-a37afc4733ca6f956bd4d32b47a845c4\Qiqqa.library
../base-Qdrv\INTRANET_C193EB5E-1C94-40F1-BCF9-4FF596ECA5F9\Qiqqa.library
../base-KingDian\Guest-05\Qiqqa.library
../base-Qdrv\Guest1\Qiqqa.library
../base\OLD-DB-BU-54f2c85ce54666bcef6c38cd51d4c57c\Qiqqa.library
../../SopKonijn\!QIQQA-pdf-watch-dir\!1\!qiqqa-run-3\Qiqqa.library
../base-Alt-0\OLD-DB-BU-d33d5e6904b53a9c307945a7f675cc20\Qiqqa.library
../base-Alt-0\OLD-DB-BU-9730276e6f1ed3a6ac0ad287b113f1ac\Qiqqa.library
../base\7262F045-AF05-4A6C-BA4C-E1F2DEB1C6F1\Qiqqa.library
../base-prev-Qdrv\50458EE8-7789-4B50-9CEC-B0D8B8B327D6\Qiqqa.library
../base-backup-KingDian\OLD-DB-BU-70bdc81864238eaf349b0ef6f9fccb0f\Qiqqa.library
../base-backup-SSD-0001\OLD-DB-BU-65c3b52c6ea7315c9fe4972499820f04\Qiqqa.library
../copied_qiqqa_databases-KingDian\Qiqqa.(14).library
../base-backup-Alt-0\C9F0D079-EE4C-4A15-8547-72164A7A356D\Qiqqa.library
../base-backup-SSD-0001\INTRANET-OLD-BIG-DB\Qiqqa.LibraryMetadata.s3db
../base-Alt-0\INTRANET_EF52564A-831D-42F2-B956-815CF0418C08\Qiqqa.library
../base-Alt-0\OLD-DB-BU-07301b7f4f141d49deac1aa4ca8adbd3\Qiqqa.library
../copied_qiqqa_databases-Qdrv\Qiqqa.(12).library
../copied_qiqqa_databases-SSD-0001\Qiqqa.(18).library
../base-backup-Alt-0\OLD-DB-BU-a2f1c2081059457ac986bb05e71fdcd5\Qiqqa.library
../copied_qiqqa_databases\b1\Guest-05\Qiqqa.library
../base-Qdrv\OLD-DB-BU-701962591454ae1567e03cb81b9c6836\Qiqqa.library
../copied_qiqqa_databases-revengin-2\Qiqqa (4).library
../base-backup-KingDian\Guest2\Qiqqa.library
../base-SSD-0001\OLD-DB-BU-65bf16386926b5c8daef1229daf15d23\Qiqqa.library
../base-backup\OLD-DB-BU-fa051550e7c300446c1515804546b333\Qiqqa.library
../copied_qiqqa_databases-KingDian\Qiqqa.(25).library
../base-prev-SSD-0001\55C8B7E5-CE6C-49E4-8B4B-71C0002B06F4-copy\Qiqqa.library
../base-prev-Alt-0\55C8B7E5-CE6C-49E4-8B4B-71C0002B06F4\Qiqqa.library
../copied_qiqqa_databases-KingDian\b1\55C8B7E5-CE6C-49E4-8B4B-71C0002B06F4\Qiqqa.library
../copied_qiqqa_databases\Qiqqa.(9).library
../base-prev\50458EE8-7789-4B50-9CEC-B0D8B8B327D6\Qiqqa.library
../copied_qiqqa_databases-KingDian\Qiqqa.2018-07-29.DB.copy.before.library
../../SopKonijn\!QIQQA-pdf-watch-dir\!1\Quantisle\Qiqqa\Guest\Qiqqa.library
../base-prev\B91A9A6C-07EC-4789-AA77-9953DCB4FD55\Qiqqa.library
../base-Qdrv\OLD-DB-BU-65bf16386926b5c8daef1229daf15d23\Qiqqa.library
../base-Qdrv\OLD-DB-BU-5e0d0b8d6886ec15dc1f6395b25935ed\Qiqqa.library
../base-SSD-0001\7262F045-AF05-4A6C-BA4C-E1F2DEB1C6F1\Qiqqa.library
../copied_qiqqa_databases-Qdrv\Qiqqa.(23).library
../copied_qiqqa_databases-Alt-0\Qiqqa.2018-07-29.DB.copy.before.library
../base\OLD-DB-BU-23e5adf752e2473c86826b2a558bceb2\Qiqqa.library
../base-prev-SSD-0001\1B9D5176-E568-4BB7-98F1-C09A5DBE5C3D\Qiqqa.library
../base\Guest5\Qiqqa.library
../copied_qiqqa_databases-SSD-0001\Qiqqa.(2).library
../base-backup-Qdrv\OLD-DB-BU-763f0e15229985b89fe46346e61dd6f2\Qiqqa.library
../base-backup-SSD-0001\OLD-DB-BU-23e5adf752e2473c86826b2a558bceb2\Qiqqa.library
../base-SSD-0001\OLD-DB-BU-c8141a668b1018067ca74c994bd0fdab\Qiqqa.library
../copied_qiqqa_databases-KingDian\Qiqqa.(36).library
../base-backup-KingDian\OLD-DB-BU-fa051550e7c300446c1515804546b333\Qiqqa.library
../base\Guest\Qiqqa.library
../copied_qiqqa_databases\Qiqqa.(17).library
../copied_qiqqa_databases-Alt-0\Qiqqa.(18).library
../base-KingDian\OLD-DB-BU-dc92d2364b7140b024a2e1523a57f0dc\Qiqqa.library
../copied_qiqqa_databases-Qdrv\Qiqqa.(34).library
../base-Qdrv\OLD-DB-BU-c8141a668b1018067ca74c994bd0fdab\Qiqqa.library
../sync-points-SSD-0001\floating-point\Qiqqa.LibraryMetadata.s3db
../base-prev-KingDian\55C8B7E5-CE6C-49E4-8B4B-71C0002B06F4\Qiqqa.library
../base-prev-SSD-0001\Guest-copy\Qiqqa.library
../base-backup-Alt-0\OLD-DB-BU-c13872d4d6f9c6f355097ae0087d7a1f\Qiqqa.library
../base-backup-Alt-0\5FB85694-536D-4A90-AF13-0306AEE091B6\Qiqqa.library
../base-KingDian\OLD-DB-BU-a37afc4733ca6f956bd4d32b47a845c4\Qiqqa.library
../base-backup-SSD-0001\OLD-DB-BU-701962591454ae1567e03cb81b9c6836\Qiqqa.library
../copied_qiqqa_databases-revengin-2\Qiqqa (16).library
../base-SSD-0001\UnitTest\Qiqqa.library
../base-backup-Alt-0\INTRANET_EF52564A-831D-42F2-B956-815CF0418C08\Qiqqa.library
../base-prev-SSD-0001\101B96DE-F964-44E7-ACD4-3EC8939BB83C\Qiqqa.library
../backups-SSD-0001\Guest\Qiqqa.library
../base-backup\OLD-DB-BU-101e33d3dee7be890bc8dd7e2ce00af1\Qiqqa.library
../base-prev-SSD-0001\E5283F53-4D1B-40EF-B526-5626BC77F232\Qiqqa.library
../sync-points\floating-point\Qiqqa.LibraryMetadata.s3db
../base-Alt-0\OLD-DB-BU-c545fdb031a23ccb4e390382ee4ea762\Qiqqa.library
../base-SSD-0001\OLD-DB-BU-54f2c85ce54666bcef6c38cd51d4c57c\Qiqqa.library
../copied_qiqqa_databases-SSD-0001\Qiqqa.(10).library
../base-KingDian\OLD-DB-BU-70bdc81864238eaf349b0ef6f9fccb0f\Qiqqa.library
../base-backup-SSD-0001\OLD-DB-BU-65bf16386926b5c8daef1229daf15d23\Qiqqa.library
../base-backup-SSD-0001\OLD-DB-BU-5e0d0b8d6886ec15dc1f6395b25935ed\Qiqqa.library
../base-Qdrv\OLD-DB-BU-54f2c85ce54666bcef6c38cd51d4c57c\Qiqqa.library
../base-Qdrv\INTRANET_FFFF9774-FFFF-FFFF-FFFF-E67433F7FFFF\Qiqqa.library
../base-prev\Guest\Qiqqa.library
../copied_qiqqa_databases-Alt3-old.D.drv\Qiqqa (8).library
../base-SSD-0001\50458EE8-7789-4B50-9CEC-B0D8B8B327D6\Qiqqa.library
../base-Alt-0\OLD-DB-BU-a5f0a36f2506c7ec903620094e904377\Qiqqa.library
../base-backup-KingDian\OLD-DB-BU-101e33d3dee7be890bc8dd7e2ce00af1\Qiqqa.library
../base-backup-SSD-0001\OLD-DB-BU-107544e1d9a54999fd27a57619357017\Qiqqa.library
../base-SSD-0001\B91A9A6C-07EC-4789-AA77-9953DCB4FD55\Qiqqa.library
../base-KingDian\Guest5\Qiqqa.library
../base-Alt-0\OLD-DB-BU-834d35d7ae2873655213c7f3f3bbe126\Qiqqa.library
../base-prev-Alt5-drv.D.F\5FB85694-536D-4A90-AF13-0306AEE091B6\Qiqqa.library
../copied_qiqqa_databases-SSD-0001\Qiqqa.(21).library
../base\OLD-DB-BU-c13872d4d6f9c6f355097ae0087d7a1f\Qiqqa.library
../base-backup-KingDian\C9F0D079-EE4C-4A15-8547-72164A7A356D-1\Qiqqa.library
../base-Alt-0\OLD-DB-BU-8a55a328e9d8856cd706613185110812\Qiqqa.library
../base-Alt-0\50458EE8-7789-4B50-9CEC-B0D8B8B327D6\Qiqqa.library
../base-backup-SSD-0001\OLD-DB-BU-c8141a668b1018067ca74c994bd0fdab\Qiqqa.library
../base-KingDian\OLD-DB-BU-e5660472a466dccfe337ca2281bd187e\Qiqqa.library
../copied_qiqqa_databases-Alt-0\Qiqqa.(5).library
../base-Alt-0\B91A9A6C-07EC-4789-AA77-9953DCB4FD55\Qiqqa.library
../base-backup-KingDian\INTRANET_C193EB5E-1C94-40F1-BCF9-4FF596ECA5F9\Qiqqa.library
../base-KingDian\55C8B7E5-CE6C-49E4-8B4B-71C0002B06F4-copy\Qiqqa.library
../base-Alt-0\UnitTest\Qiqqa(2).library
../copied_qiqqa_databases-KingDian\Qiqqa.(19).library
../copied_qiqqa_databases\b1\55C8B7E5-CE6C-49E4-8B4B-71C0002B06F4\Qiqqa.library
../base-OS-Alt-0\UnitTest\Qiqqa(3).library
../base-Qdrv\Guest2\Qiqqa.library
../copied_qiqqa_databases-SSD-0001\Qiqqa.(32).library
../copied_qiqqa_databases-Qdrv\Qiqqa.(17).library
../base-SSD-0001\OLD-DB-BU-23e5adf752e2473c86826b2a558bceb2\Qiqqa.library
../copied_qiqqa_databases-SSD-0001\b1\1B9D5176-E568-4BB7-98F1-C09A5DBE5C3D\Qiqqa.library
../base-KingDian\OLD-DB-BU-fa051550e7c300446c1515804546b333\Qiqqa.library
../base-backup-Alt-0\OLD-DB-BU-8581d7aec1d11a037755d091888c9b4f\Qiqqa.library
../base-backup\S3DB-ISSUE-142\Qiqqa.LibraryMetadata.s3db
../copied_qiqqa_databases-revengin-2\Qiqqa (9).library
../base-backup-Alt-0\OLD-DB-BU-3970eebcbeed0c7c8b66f00d6072fe24\Qiqqa.library
../base-Qdrv\OLD-DB-BU-23e5adf752e2473c86826b2a558bceb2\Qiqqa.library
../../SopKonijn\!QIQQA-pdf-watch-dir\!1\!previous-run-1\Qiqqa.library
../base-backup-Qdrv\OLD-DB-BU-65c3b52c6ea7315c9fe4972499820f04\Qiqqa.library
../copied_qiqqa_databases-KingDian\Qiqqa(39).library
../copied_qiqqa_databases-KingDian\Qiqqa.(3).library
../copied_qiqqa_databases\Qiqqa.(20).library
../base-backup-SSD-0001\OLD-DB-BU-54f2c85ce54666bcef6c38cd51d4c57c\Qiqqa.library
../base-prev-SSD-0001\7262F045-AF05-4A6C-BA4C-E1F2DEB1C6F1\Qiqqa.library
../base-prev-Qdrv\B91A9A6C-07EC-4789-AA77-9953DCB4FD55\Qiqqa.library
../base-SSD-0001\OLD-DB-BU-701962591454ae1567e03cb81b9c6836\Qiqqa.library
../base-Alt-0\OLD-DB-BU-cd5d1aea0de7b32e1ae9b741423ebe8b\Qiqqa.library
../base-backup-SSD-0001\Guest\Qiqqa.library
C:\Users\Ger\Downloads\nzb's\nux-2\Qiqqa.LibraryMetadata.s3db
../base-backup\OLD-DB-BU-e5660472a466dccfe337ca2281bd187e\Qiqqa.library
../copied_qiqqa_databases-SSD-0001\Qiqqa.(7).library
../base-KingDian\3A614D8C-0882-4CAB-8FBD-A9E494093283\Qiqqa.library
../copied_qiqqa_databases-Qdrv\b1\5FB85694-536D-4A90-AF13-0306AEE091B6\Qiqqa.library
../copied_qiqqa_databases-revengin-2\Qiqqa 2018-07-29 DB copy after.library
../base-KingDian\INTRANET_C193EB5E-1C94-40F1-BCF9-4FF596ECA5F9\Qiqqa.library
../base-backup-Alt-0\Guest5\Qiqqa.library
../copied_qiqqa_databases-SSD-0001\b1\E5283F53-4D1B-40EF-B526-5626BC77F232\Qiqqa.library
../copied_qiqqa_databases-Qdrv\Qiqqa.(2).library
../copied_qiqqa_databases-Alt-0\Qiqqa.(32).library
../base-SSD-0001\OLD-DB-BU-5e0d0b8d6886ec15dc1f6395b25935ed\Qiqqa.library
../base-prev-Alt5-drv.D.F\Guest\Qiqqa.library
../base-Qdrv\UnitTest\Qiqqa.library
../base-backup-Qdrv\OLD-DB-BU-11f21ffa0237dba8ff65aca11335a16a\Qiqqa.library
../base-SSD-0001\55C8B7E5-CE6C-49E4-8B4B-71C0002B06F4-copy\Qiqqa.library
../base-backup-Alt-0\OLD-DB-BU-732501998468fdf7dbc85febd34316b7\Qiqqa.library
../base-backup\OLD-DB-BU-c545fdb031a23ccb4e390382ee4ea762\Qiqqa.library
../base-backup-KingDian\OLD-DB-BU-e5660472a466dccfe337ca2281bd187e\Qiqqa.library
../base-KingDian\OLD-DB-BU-101e33d3dee7be890bc8dd7e2ce00af1\Qiqqa.library
../base-SSD-0001\Guest3\Qiqqa.library
../base-SSD-0001\OLD-DB-BU-107544e1d9a54999fd27a57619357017\Qiqqa.library
../base-KingDian\INTRANET-OLD-BIG-DB\Qiqqa.LibraryMetadata.s3db
../../SopKonijn\!QIQQA-pdf-watch-dir\!1\Quantisle\Qiqqa.intranet\test-1\Qiqqa.LibraryMetadata.s3db
../../SopKonijn\!QIQQA-pdf-watch-dir\!1\Quantisle\Qiqqa\B91A9A6C-07EC-4789-AA77-9953DCB4FD55\Qiqqa.library
../copied_qiqqa_databases-KingDian\Qiqqa.(11).library
../base-Qdrv\OLD-DB-BU-107544e1d9a54999fd27a57619357017\Qiqqa.library
../base-Alt-0\OLD-DB-BU-ccecd1e818dec1ac9638625bc5f415d9\Qiqqa.library
../base-backup-SSD-0001\INTRANET_E57B9774-4712-430E-93E0-E67433F7DF07\Qiqqa.library
../base-backup\OLD-DB-BU-f5e20e3b27db4dbef66b9b5aed6036cc\Qiqqa.library
../base-KingDian\B6318A57-2EF4-470D-A012-2332EEAE1754\Qiqqa.library
../evil-base-KingDian\INTRANET_E57B9774-4712-430E-93E0-E67433F7DF07\Qiqqa.library
../copied_qiqqa_databases-SSD-0001\Qiqqa.(15).library
../base-KingDian\OLD-DB-BU-9730276e6f1ed3a6ac0ad287b113f1ac\Qiqqa.library
../base-Alt-0\INTRANET_7E3224CC-58C4-45E2-BB0E-A659BE87BBA9\Qiqqa.library
../base\OLD-DB-BU-a2f1c2081059457ac986bb05e71fdcd5\Qiqqa.library
../base\S3DB-ISSUE-142\Qiqqa.LibraryMetadata.s3db
../copied_qiqqa_databases-Alt3-old.D.drv\Qiqqa (13).library
../base\OLD-DB-BU-3bd01a4cbc4c2c0146ec1252553dc082\Qiqqa.library
../base-Qdrv\INTRANET_EF52564A-831D-42F2-B956-815CF0418C08\Qiqqa.library
../evil-base-KingDian\INTRANET-EVIL-PDF-SAMPLES-FOR-QIQQA\Qiqqa.LibraryMetadata.s3db
../base-Qdrv\C9F0D079-EE4C-4A15-8547-72164A7A356D\Qiqqa.library
../base-backup\OLD-DB-BU-8a55a328e9d8856cd706613185110812\Qiqqa.library
../base\50458EE8-7789-4B50-9CEC-B0D8B8B327D6\Qiqqa.library
../base-backup\OLD-DB-BU-8b9777b742b3edcceb42fd0701047787\Qiqqa.library
../base-backup-SSD-0001\OLD-DB-BU-a2f1c2081059457ac986bb05e71fdcd5\Qiqqa.library
../base-KingDian\OLD-DB-BU-07301b7f4f141d49deac1aa4ca8adbd3\Qiqqa.library
../base-prev-SSD-0001\50458EE8-7789-4B50-9CEC-B0D8B8B327D6\Qiqqa.library
../base-backup-Qdrv\OLD-DB-BU-a54cb72635f2d503773dd8f9f59c9947\Qiqqa.library
../copied_qiqqa_databases-KingDian\Qiqqa.(22).library
../base-SSD-0001\Guest\Qiqqa.library
../base\B91A9A6C-07EC-4789-AA77-9953DCB4FD55\Qiqqa.library
../base-OS\Guest2\Qiqqa.library
../copied_qiqqa_databases\Qiqqa.(6).library
../base-backup-KingDian\OLD-DB-BU-f5e20e3b27db4dbef66b9b5aed6036cc\Qiqqa.library
../copied_qiqqa_databases-SSD-0001\b1\55C8B7E5-CE6C-49E4-8B4B-71C0002B06F4-copy\Qiqqa.library
../evil-Alt-0\Guest\Qiqqa.library
../base-Alt-0\55C8B7E5-CE6C-49E4-8B4B-71C0002B06F4-copy\Qiqqa.library
../base-backup-KingDian\INTRANET_FFFF9774-FFFF-FFFF-FFFF-E67433F7FFFF\Qiqqa.library
../copied_qiqqa_databases-Qdrv\Qiqqa.(20).library
../base\OLD-DB-BU-80bed78042e6331663b07daa51893013\Qiqqa.library
../base-OS-Alt-0\UnitTest\Qiqqa.library
../base-backup-Qdrv\OLD-DB-BU-65bf16386926b5c8daef1229daf15d23\Qiqqa.library
../base-backup\Guest1\Qiqqa.library
../base-backup-KingDian\OLD-DB-BU-8b9777b742b3edcceb42fd0701047787\Qiqqa.library
../copied_qiqqa_databases-SSD-0001\b1\7262F045-AF05-4A6C-BA4C-E1F2DEB1C6F1\Qiqqa.library
../copied_qiqqa_databases-KingDian\Qiqqa.(33).library
../base\OLD-DB-BU-0f001906c40ce1f0d25a908d3a2fea07\Qiqqa.library
../base-backup\OLD-DB-BU-d33d5e6904b53a9c307945a7f675cc20\Qiqqa.library
../base-prev-Alt-0\50458EE8-7789-4B50-9CEC-B0D8B8B327D6\Qiqqa(2).library
../base-SSD-0001\INTRANET_E57B9774-4712-430E-93E0-E67433F7DF07\Qiqqa.library
../base-backup\OLD-DB-BU-9730276e6f1ed3a6ac0ad287b113f1ac\Qiqqa.library
../copied_qiqqa_databases\Qiqqa.(14).library
../evil-SSD-0001\Guest\Qiqqa.library
../copied_qiqqa_databases-Alt-0\Qiqqa.(15).library
../base-Alt3-old.D.drv\5FB85694-536D-4A90-AF13-0306AEE091B6\Qiqqa.library
../copied_qiqqa_databases-SSD-0001\Qiqqa.(37).library
../base-backup-Alt-0\OLD-DB-BU-c8b926736a0ae2f42592f43beafcd4d3\Qiqqa.library
../base-backup\OLD-DB-BU-07301b7f4f141d49deac1aa4ca8adbd3\Qiqqa.library
../backups\Guest\Qiqqa.library
../base-KingDian\S3DB-ISSUE-142\Qiqqa.LibraryMetadata.s3db
../base-Alt-0\OLD-DB-BU-101e33d3dee7be890bc8dd7e2ce00af1\Qiqqa(2).library
../copied_qiqqa_databases-revengin-2\Qiqqa (13).library
../qiqqaC9F0D079-EE4C-4A15-8547-72164A7A356D-SSD-KingDian\C9F0D079-EE4C-4A15-8547-72164A7A356D\Qiqqa.library
../copied_qiqqa_databases-KingDian\Qiqqa.(8).library
../base-backup-KingDian\OLD-DB-BU-d33d5e6904b53a9c307945a7f675cc20\Qiqqa.library
../base-backup-SSD-0001\OLD-DB-BU-c13872d4d6f9c6f355097ae0087d7a1f\Qiqqa.library
../copied_qiqqa_databases\Qiqqa.(25).library
../base-backup-Qdrv\Guest5\Qiqqa.library
../base-backup-KingDian\OLD-DB-BU-9730276e6f1ed3a6ac0ad287b113f1ac\Qiqqa.library
../base-backup-Alt-0\INTRANET_7E3224CC-58C4-45E2-BB0E-A659BE87BBA9\Qiqqa.library
