W:\SopKonijn\!QIQQA-pdf-watch-dir\2022-09-03\2002JCP...179...27D.pdf
W:\SopKonijn\!QIQQA-pdf-watch-dir\2022-09-03\Barnes-hut-sne.pdf
W:\SopKonijn\!QIQQA-pdf-watch-dir\2022-08-20-NN\download.pdf
W:\SopKonijn\!QIQQA-pdf-watch-dir\2022-09-03\1907.02289v1.pdf
W:\SopKonijn\!QIQQA-pdf-watch-dir\2022-09-03\thommes99a.pdf
W:\SopKonijn\!QIQQA-pdf-watch-dir\2022-09-03\3368826.3377914.pdf
W:\SopKonijn\!QIQQA-pdf-watch-dir\2022-08-20-NN\1610.06475.pdf
W:\SopKonijn\!QIQQA-pdf-watch-dir\2022-08-20-NN\2005.12551.pdf
W:\SopKonijn\!QIQQA-pdf-watch-dir\2022-09-03\npg-18-133-2011.pdf
W:\SopKonijn\!QIQQA-pdf-watch-dir\2022-08-20-NN\NeurIPS-2018-precision-and-recall-for-time-series-Paper.pdf
W:\SopKonijn\!QIQQA-pdf-watch-dir\2022-09-03\mesh-pldi19-powers.pdf
W:\SopKonijn\!QIQQA-pdf-watch-dir\2022-08-20-NN\1801.02765.pdf
W:\SopKonijn\!QIQQA-pdf-watch-dir\2022-08-20-NN\2201.10005.pdf
W:\SopKonijn\!QIQQA-pdf-watch-dir\2022-08-20-NN\N18-1031.pdf
W:\SopKonijn\!QIQQA-pdf-watch-dir\2022-08-20-NN\STOMP_GPU_final_submission_camera_ready.pdf
W:\SopKonijn\!QIQQA-pdf-watch-dir\2022-09-03\pingali11.pdf
W:\SopKonijn\!QIQQA-pdf-watch-dir\2022-09-03\A_hierarchical_O(N log N)_force_calculation_algorithm.pdf
W:\SopKonijn\!QIQQA-pdf-watch-dir\2022-09-03\chapter3.pdf
W:\SopKonijn\!QIQQA-pdf-watch-dir\2022-09-03\ppopp2015-tm-allocation.pdf
W:\SopKonijn\!QIQQA-pdf-watch-dir\2022-08-20-NN\PID4481997_extend_Matrix Profile_I.pdf
W:\SopKonijn\!QIQQA-pdf-watch-dir\2022-09-03\N-21581.pdf
W:\SopKonijn\!QIQQA-pdf-watch-dir\2022-08-20-NN\2008.05981v1.pdf
W:\SopKonijn\!QIQQA-pdf-watch-dir\2022-08-20-NN\1507.08240.pdf
W:\SopKonijn\!QIQQA-pdf-watch-dir\2022-09-03\NBody.pdf
W:\SopKonijn\!QIQQA-pdf-watch-dir\2022-08-20-NN\2007.11898.pdf
W:\SopKonijn\!QIQQA-pdf-watch-dir\2022-08-20-NN\1835 (1).pdf
W:\SopKonijn\!QIQQA-pdf-watch-dir\2022-08-20-NN\1608.05859.pdf
W:\SopKonijn\!QIQQA-pdf-watch-dir\2022-08-20-NN\coreference.pdf
W:\SopKonijn\!QIQQA-pdf-watch-dir\2022-08-20-NN\2007.06299.pdf
W:\SopKonijn\!QIQQA-pdf-watch-dir\2022-08-20-NN\ECML06_EnsemblesNNForecasts.pdf
W:\SopKonijn\!QIQQA-pdf-watch-dir\2022-08-20-NN\1507.05717.pdf
W:\SopKonijn\!QIQQA-pdf-watch-dir\2022-08-20-NN\P15-1150.pdf
W:\SopKonijn\!QIQQA-pdf-watch-dir\2022-09-03\Efficient_implementation_of_the_Barnes_H.pdf
W:\SopKonijn\!QIQQA-pdf-watch-dir\2022-09-03\1907.02289.pdf
W:\SopKonijn\!QIQQA-pdf-watch-dir\2022-08-20-NN\d2a9fb4088c9fb050f21e6414632b56f476a.pdf
W:\SopKonijn\!QIQQA-pdf-watch-dir\2022-08-20-NN\1711.03953.pdf
W:\SopKonijn\!QIQQA-pdf-watch-dir\2022-08-20-NN\10807 (1).pdf
W:\SopKonijn\!QIQQA-pdf-watch-dir\2022-09-03\Memory_Allocation_for_Long-Running_Server_Applicat.pdf
W:\SopKonijn\!QIQQA-pdf-watch-dir\2022-09-03\P4055-0313.pdf
W:\SopKonijn\!QIQQA-pdf-watch-dir\2022-08-20-NN\EDBT19_paper_152.pdf
W:\SopKonijn\!QIQQA-pdf-watch-dir\2022-08-20-NN\modern-cpp-tutorial-en-us.pdf
W:\SopKonijn\!QIQQA-pdf-watch-dir\2022-09-03\lec10 (1).pdf
W:\SopKonijn\!QIQQA-pdf-watch-dir\2022-08-20-NN\ROCLING2021_JinyuLi.pdf
W:\SopKonijn\!QIQQA-pdf-watch-dir\2022-09-03\2020_ISMM_Ralloc.pdf
W:\SopKonijn\!QIQQA-pdf-watch-dir\2022-08-20-NN\2008.05981v1 (1).pdf
W:\SopKonijn\!QIQQA-pdf-watch-dir\2022-09-03\pldi2006-diehard.pdf
W:\SopKonijn\!QIQQA-pdf-watch-dir\2022-09-03\2108.07223.pdf
W:\SopKonijn\!QIQQA-pdf-watch-dir\2022-08-20-NN\3.pdf
W:\SopKonijn\!QIQQA-pdf-watch-dir\2022-08-20-NN\114005.102808.pdf
W:\SopKonijn\!QIQQA-pdf-watch-dir\2022-08-20-NN\10807.pdf
W:\SopKonijn\!QIQQA-pdf-watch-dir\2022-08-20-NN\paper.pdf
W:\SopKonijn\!QIQQA-pdf-watch-dir\2022-08-20-NN\1703.03906.pdf
W:\SopKonijn\!QIQQA-pdf-watch-dir\2022-09-03\berger-pldi2001.pdf
W:\SopKonijn\!QIQQA-pdf-watch-dir\2022-08-20-NN\1512.02595.pdf
W:\SopKonijn\!QIQQA-pdf-watch-dir\2022-08-20-NN\main.pdf
W:\SopKonijn\!QIQQA-pdf-watch-dir\2022-08-20-NN\1704.03155v2.pdf
W:\SopKonijn\!QIQQA-pdf-watch-dir\2022-08-20-NN\2105.00613.pdf
W:\SopKonijn\!QIQQA-pdf-watch-dir\2022-09-03\CMU-CS-98-189.pdf
W:\SopKonijn\!QIQQA-pdf-watch-dir\2022-09-03\pldi028-novark.pdf
W:\SopKonijn\!QIQQA-pdf-watch-dir\2022-08-20-NN\whistleblower_disclosure.pdf
W:\SopKonijn\!QIQQA-pdf-watch-dir\2022-09-03\10.1.1.45.1947.pdf
W:\SopKonijn\!QIQQA-pdf-watch-dir\2022-09-03\312087.pdf
W:\SopKonijn\!QIQQA-pdf-watch-dir\2022-08-20-NN\1801.02765 (1).pdf
W:\SopKonijn\!QIQQA-pdf-watch-dir\2022-09-03\lec10.pdf
W:\SopKonijn\!QIQQA-pdf-watch-dir\2022-08-20-NN\1835 (2).pdf
W:\SopKonijn\!QIQQA-pdf-watch-dir\2022-08-20-NN\2208.09770v1.pdf
W:\SopKonijn\!QIQQA-pdf-watch-dir\2022-08-20-NN\1507.05717 (1).pdf
W:\SopKonijn\!QIQQA-pdf-watch-dir\2022-08-20-NN\N16-1076.pdf
W:\SopKonijn\!QIQQA-pdf-watch-dir\2022-09-03\es2018-76.pdf
W:\SopKonijn\!QIQQA-pdf-watch-dir\2022-09-03\toplas97.pdf
W:\SopKonijn\!QIQQA-pdf-watch-dir\2022-09-03\es2014-114.pdf
W:\SopKonijn\!QIQQA-pdf-watch-dir\2022-09-03\OOPSLA15-Scalloc.pdf
W:\SopKonijn\!QIQQA-pdf-watch-dir\2022-09-03\User_guide.pdf
W:\SopKonijn\!QIQQA-pdf-watch-dir\2022-08-20-NN\2107.07511.pdf
W:\SopKonijn\!QIQQA-pdf-watch-dir\2022-08-20-NN\1607.06450.pdf
W:\SopKonijn\!QIQQA-pdf-watch-dir\2022-09-03\0202512.pdf
W:\SopKonijn\!QIQQA-pdf-watch-dir\2022-09-03\Fast_Multicore-Scalable_Low-Fragmentation_Memory_A.pdf
W:\SopKonijn\!QIQQA-pdf-watch-dir\2022-08-20-NN\1707.07631.pdf
W:\SopKonijn\!QIQQA-pdf-watch-dir\2022-08-20-NN\Q14-1037.pdf
W:\SopKonijn\!QIQQA-pdf-watch-dir\2022-08-20-NN\1503.02510.pdf
W:\SopKonijn\!QIQQA-pdf-watch-dir\2022-08-20-NN\W16-2209.pdf
W:\SopKonijn\!QIQQA-pdf-watch-dir\2022-08-20-NN\ICTAI05_DotPlots.pdf
W:\SopKonijn\!QIQQA-pdf-watch-dir\2022-08-20-NN\ICDM06_ManifoldShapeClustering.pdf
W:\SopKonijn\!QIQQA-pdf-watch-dir\2022-08-20-NN\rastogi+al.naacl16.pdf
W:\SopKonijn\!QIQQA-pdf-watch-dir\2022-09-03\osdi21-hunter.pdf
W:\SopKonijn\!QIQQA-pdf-watch-dir\2022-08-20-NN\1512.05287.pdf
W:\SopKonijn\!QIQQA-pdf-watch-dir\2022-09-03\asplos-2000.pdf
W:\SopKonijn\!QIQQA-pdf-watch-dir\2022-09-03\TC-BVAU-54677.pdf
W:\SopKonijn\!QIQQA-pdf-watch-dir\2022-09-03\Solving_N_body_problems_using_the_Barnes_Hut_Algorithm.pdf
W:\SopKonijn\!QIQQA-pdf-watch-dir\2022-08-20-NN\ICDM07_LocallyConstrainedSVC.pdf
W:\SopKonijn\!QIQQA-pdf-watch-dir\2022-08-20-NN\minka-ep-uai.pdf
W:\SopKonijn\!QIQQA-pdf-watch-dir\2022-08-20-NN\p105-grund.pdf
W:\SopKonijn\!QIQQA-pdf-watch-dir\2022-09-03\mimalloc-tr-v1.pdf
W:\SopKonijn\!QIQQA-pdf-watch-dir\2022-09-03\1611.05109.pdf
W:\SopKonijn\!QIQQA-pdf-watch-dir\2022-08-20-NN\shalev-shwartz13a.pdf
W:\SopKonijn\!QIQQA-pdf-watch-dir\2022-08-20-NN\GalvezTRO12.pdf
W:\SopKonijn\!QIQQA-pdf-watch-dir\2022-08-20-NN\acm_online_version_website.pdf
W:\SopKonijn\!QIQQA-pdf-watch-dir\2022-09-03\packetmill-asplos21.pdf
W:\SopKonijn\!QIQQA-pdf-watch-dir\2022-08-20-NN\2207.07697.pdf
W:\SopKonijn\!QIQQA-pdf-watch-dir\2022-09-03\download.pdf
W:\SopKonijn\!QIQQA-pdf-watch-dir\2022-08-20-NN\article.pdf
W:\SopKonijn\!QIQQA-pdf-watch-dir\2022-08-20-NN\2207.04630.pdf
W:\SopKonijn\!QIQQA-pdf-watch-dir\2022-09-03\200242.pdf
W:\SopKonijn\!QIQQA-pdf-watch-dir\2022-08-20-NN\p2382-kossmann.pdf
W:\SopKonijn\!QIQQA-pdf-watch-dir\2022-08-20-NN\datasheet_mako.pdf
W:\SopKonijn\!QIQQA-pdf-watch-dir\2022-08-20-NN\2207.07697 (1).pdf
W:\SopKonijn\!QIQQA-pdf-watch-dir\2022-09-03\1559 (1).pdf
W:\SopKonijn\!QIQQA-pdf-watch-dir\2022-08-20-NN\2002.09116.pdf
W:\SopKonijn\!QIQQA-pdf-watch-dir\2022-08-20-NN\2004.13342.pdf
W:\SopKonijn\!QIQQA-pdf-watch-dir\2022-09-03\Object_oriented_parallel_barnes_hut.pdf
W:\SopKonijn\!QIQQA-pdf-watch-dir\2022-09-03\Rtsne.pdf
W:\SopKonijn\!QIQQA-pdf-watch-dir\2022-08-20-NN\2208.02814.pdf
W:\SopKonijn\!QIQQA-pdf-watch-dir\2022-08-20-NN\1801.02765 (2).pdf
W:\SopKonijn\!QIQQA-pdf-watch-dir\2022-08-20-NN\tacl_a_00197.pdf
W:\SopKonijn\!QIQQA-pdf-watch-dir\2022-09-03\Zulfiqar_Mubeen.pdf
W:\SopKonijn\!QIQQA-pdf-watch-dir\2022-09-03\notes-nov5.pdf
W:\SopKonijn\!QIQQA-pdf-watch-dir\2022-08-20-NN\gretton12a.pdf
W:\SopKonijn\!QIQQA-pdf-watch-dir\2022-08-20-NN\KDD07_MotifsUniformScaling.pdf
W:\SopKonijn\!QIQQA-pdf-watch-dir\2022-08-20-NN\1835.pdf
W:\SopKonijn\!QIQQA-pdf-watch-dir\2022-08-20-NN\poster.pdf
W:\SopKonijn\!QIQQA-pdf-watch-dir\2022-08-20-NN\ICDM07_DiskawareDiscords.pdf
W:\SopKonijn\!QIQQA-pdf-watch-dir\2022-09-03\1559.pdf
W:\SopKonijn\!QIQQA-pdf-watch-dir\2022-09-03\P5217-1014.pdf
W:\SopKonijn\!QIQQA-pdf-watch-dir\2022-09-03\ubc_2015_november_spear_mark.pdf
W:\SopKonijn\!QIQQA-pdf-watch-dir\2022-08-20-NN\2009.13807.pdf
W:\SopKonijn\!QIQQA-pdf-watch-dir\2022-08-20-NN\2206.15474.pdf
