W:\SopKonijn\!QIQQA-pdf-watch-dir\2022-09-22\sql-server-with-c.pdf
W:\SopKonijn\!QIQQA-pdf-watch-dir\2022-09-22\[libribook.com] Python All-in-One For Dummies 2nd Edition.Pdf
W:\SopKonijn\!QIQQA-pdf-watch-dir\2022-09-22\2006.01038.pdf
W:\SopKonijn\!QIQQA-pdf-watch-dir\2022-09-22\sql-primer-accelerated-introduction-basics.pdf
W:\SopKonijn\!QIQQA-pdf-watch-dir\2022-09-22\SQL Queries for Mere Mortals A Hands-On Guide to Data Manipulation in SQL (4th Edition).pdf
W:\SopKonijn\!QIQQA-pdf-watch-dir\2022-09-22\recsys18_spectralCF.pdf
W:\SopKonijn\!QIQQA-pdf-watch-dir\2022-09-22\collaborative-filtering.pdf
W:\SopKonijn\!QIQQA-pdf-watch-dir\2022-09-22\calculus-single-variable-11th - Copy (1).pdf
W:\SopKonijn\!QIQQA-pdf-watch-dir\2022-09-22\probability-statistics-engineers-scientists-global-9th (1).pdf
W:\SopKonijn\!QIQQA-pdf-watch-dir\2022-09-22\mathematical-statistics-applications-r-2nd.pdf
W:\SopKonijn\!QIQQA-pdf-watch-dir\2022-09-22\Discrete Algorithmic Mathematics, Third Edition.pdf
W:\SopKonijn\!QIQQA-pdf-watch-dir\2022-09-22\mastering-postgresql-application-development.pdf
W:\SopKonijn\!QIQQA-pdf-watch-dir\2022-09-22\Advanced Modern Engineering Mathematics.pdf
W:\SopKonijn\!QIQQA-pdf-watch-dir\2022-09-22\beginning-backup-restore-sql-server.pdf
W:\SopKonijn\!QIQQA-pdf-watch-dir\2022-09-22\[libribook.com] Murach's C# 6th Edition.Pdf
W:\SopKonijn\!QIQQA-pdf-watch-dir\2022-09-22\cf-adaptive-web.pdf
W:\SopKonijn\!QIQQA-pdf-watch-dir\2022-09-22\Prealgebra.pdf
W:\SopKonijn\!QIQQA-pdf-watch-dir\2022-09-22\practical-sql-beginners-guide-storytelling-data.pdf
W:\SopKonijn\!QIQQA-pdf-watch-dir\2022-09-22\wsdm22.pdf
W:\SopKonijn\!QIQQA-pdf-watch-dir\2022-09-22\1796.pdf
W:\SopKonijn\!QIQQA-pdf-watch-dir\2022-09-22\Elementary Algebra.pdf
W:\SopKonijn\!QIQQA-pdf-watch-dir\2022-09-22\mathematical-statistics-vol-1-2nd.pdf
W:\SopKonijn\!QIQQA-pdf-watch-dir\2022-09-22\essential-calculus-practice-workbook-solutions.pdf
W:\SopKonijn\!QIQQA-pdf-watch-dir\2022-09-22\Iterative Algorithms I.pdf
W:\SopKonijn\!QIQQA-pdf-watch-dir\2022-09-22\The Psychology of Emotion From Everyday Life to Theory.pdf
W:\SopKonijn\!QIQQA-pdf-watch-dir\2022-09-22\An Introduction to Criminal Psychology 2nd.pdf
W:\SopKonijn\!QIQQA-pdf-watch-dir\2022-09-22\elements-modern-algebra-8th.pdf
W:\SopKonijn\!QIQQA-pdf-watch-dir\2022-09-22\mathematical-statistics-vol-2.pdf
W:\SopKonijn\!QIQQA-pdf-watch-dir\2022-09-22\[libribook.com] Automatic Operation of Browser using Selenium and C# 1st Edition.Pdf
W:\SopKonijn\!QIQQA-pdf-watch-dir\2022-09-22\SQL - The Complete Reference.pdf
W:\SopKonijn\!QIQQA-pdf-watch-dir\2022-09-22\CollaborativeFiltering.pdf
W:\SopKonijn\!QIQQA-pdf-watch-dir\2022-09-22\Reverse Mathematics.pdf
W:\SopKonijn\!QIQQA-pdf-watch-dir\2022-09-13\SQL2003Features.pdf
W:\SopKonijn\!QIQQA-pdf-watch-dir\2022-09-22\2012.14740.pdf
W:\SopKonijn\!QIQQA-pdf-watch-dir\2022-09-22\Principles of Hydraulics.pdf
W:\SopKonijn\!QIQQA-pdf-watch-dir\2022-09-22\SQL - Andy Oppel.pdf
W:\SopKonijn\!QIQQA-pdf-watch-dir\2022-09-22\layoutlm.pdf
W:\SopKonijn\!QIQQA-pdf-watch-dir\2022-09-22\[libribook.com] Machine Learning With Python For Everyone 1st Edition.Pdf
W:\SopKonijn\!QIQQA-pdf-watch-dir\2022-09-22\sql-queries-succinctly.pdf
W:\SopKonijn\!QIQQA-pdf-watch-dir\2022-09-22\[libribook.com] SQL by Example 1st Edition.Pdf
W:\SopKonijn\!QIQQA-pdf-watch-dir\2022-09-22\pan-oneclasscf.pdf
W:\SopKonijn\!QIQQA-pdf-watch-dir\2022-09-22\layoutlm (1).pdf
W:\SopKonijn\!QIQQA-pdf-watch-dir\2022-09-22\sql-server-advanced-data-types.pdf
W:\SopKonijn\!QIQQA-pdf-watch-dir\2022-09-22\[libribook.com] C# in Depth 3rd Edition.Pdf
W:\SopKonijn\!QIQQA-pdf-watch-dir\2022-09-22\sketchup-workflow-architecture-2nd.pdf
W:\SopKonijn\!QIQQA-pdf-watch-dir\2022-09-22\[libribook.com] Data Science For Dummies 3rd Edition.Pdf
W:\SopKonijn\!QIQQA-pdf-watch-dir\2022-09-22\sql-antipatterns-programming.pdf
W:\SopKonijn\!QIQQA-pdf-watch-dir\2022-09-22\cbcf-aaai-02.pdf
W:\SopKonijn\!QIQQA-pdf-watch-dir\2022-09-22\sncf-CeDER-8-08.pdf
W:\SopKonijn\!QIQQA-pdf-watch-dir\2022-09-22\calculus-single-variable-11th - Copy.pdf
W:\SopKonijn\!QIQQA-pdf-watch-dir\2022-09-22\Holt Precalculus Student Edition 2006.pdf
W:\SopKonijn\!QIQQA-pdf-watch-dir\2022-09-22\Turbo_Vision_Version_2.0_Programming_Guide_1992.pdf
W:\SopKonijn\!QIQQA-pdf-watch-dir\2022-09-22\A History of Science in Society.pdf
W:\SopKonijn\!QIQQA-pdf-watch-dir\2022-09-22\Mathematics Rebooted A Fresh Approach to Understanding.pdf
W:\SopKonijn\!QIQQA-pdf-watch-dir\2022-09-22\practical-sql-beginners-guide-storytelling-data (1).pdf
W:\SopKonijn\!QIQQA-pdf-watch-dir\2022-09-22\The Formative 5 Everyday Assessment Techniques.pdf
W:\SopKonijn\!QIQQA-pdf-watch-dir\2022-09-22\Essentials of Mathematical Thinking (Textbooks in Mathematics).pdf
W:\SopKonijn\!QIQQA-pdf-watch-dir\2022-09-22\Introduction to Research Methods in Psychology.pdf
W:\SopKonijn\!QIQQA-pdf-watch-dir\2022-09-22\Calculus - A Complete Introduction A Teach Yourself Guide (1).pdf
W:\SopKonijn\!QIQQA-pdf-watch-dir\2022-09-22\2102.01868.pdf
W:\SopKonijn\!QIQQA-pdf-watch-dir\2022-09-22\Borland-Turbo-Vision-for-C-User-s-Guide_text.pdf
W:\SopKonijn\!QIQQA-pdf-watch-dir\2022-09-22\[libribook.com] Mastering PostgreSQL 11 2nd Edition.Pdf
W:\SopKonijn\!QIQQA-pdf-watch-dir\2022-09-22\applied-probabilistic-calculus-financial-engineering.pdf
W:\SopKonijn\!QIQQA-pdf-watch-dir\2022-09-22\cf_slides-pml09.pdf
W:\SopKonijn\!QIQQA-pdf-watch-dir\2022-09-22\Statistics for the Life Sciences, Global Edition.pdf
W:\SopKonijn\!QIQQA-pdf-watch-dir\2022-09-22\45a6cea2b9c101761ea1b51c961628093ec1d5da.pdf
W:\SopKonijn\!QIQQA-pdf-watch-dir\2022-09-22\[libribook.com] C# 10.0 All-in-One For Dummies 1st Edition.Pdf
W:\SopKonijn\!QIQQA-pdf-watch-dir\2022-09-22\Systems Synthetic Biology System Models, User-Oriented Specifica.pdf
W:\SopKonijn\!QIQQA-pdf-watch-dir\2022-09-22\CollaborativefilteringTechniquesandapplications.pdf
W:\SopKonijn\!QIQQA-pdf-watch-dir\2022-09-22\Effective SQL_61 Specific Ways to Write Better SQL-Addison-Wesley%282016%29.pdf
W:\SopKonijn\!QIQQA-pdf-watch-dir\2022-09-22\Ectoparasites Drug Discovery Against Moving Targets.pdf
W:\SopKonijn\!QIQQA-pdf-watch-dir\2022-09-22\Extremophiles From Biology to Biotechnology.pdf
W:\SopKonijn\!QIQQA-pdf-watch-dir\2022-09-22\[libribook.com] Learning PostgreSQL 11 3rd Edition.Pdf
W:\SopKonijn\!QIQQA-pdf-watch-dir\2022-09-22\probability-statistics-engineers-scientists-global-9th.pdf
W:\SopKonijn\!QIQQA-pdf-watch-dir\2022-09-22\2104.08836.pdf
W:\SopKonijn\!QIQQA-pdf-watch-dir\2022-09-22\2204.12200.pdf
W:\SopKonijn\!QIQQA-pdf-watch-dir\2022-09-22\Machine_Learning_Seminar.pdf
W:\SopKonijn\!QIQQA-pdf-watch-dir\2022-09-22\[libribook.com] PostgreSQL 11 Server Side Programming Quick Start Guide 1st Edition.Pdf
W:\SopKonijn\!QIQQA-pdf-watch-dir\2022-09-22\[libribook.com] Dynamic SQL_ Applications, Performance, and Security in Microsoft SQL Server 2nd Edition.Pdf
W:\SopKonijn\!QIQQA-pdf-watch-dir\2022-09-22\layoutlm (2).pdf
W:\SopKonijn\!QIQQA-pdf-watch-dir\2022-09-22\[libribook.com] C# 7 and .NET_ Designing Modern Cross-platform Applications 1st Edition.Pdf
W:\SopKonijn\!QIQQA-pdf-watch-dir\2022-09-22\Precalculus 10th.pdf
W:\SopKonijn\!QIQQA-pdf-watch-dir\2022-09-22\TOIS17.pdf
W:\SopKonijn\!QIQQA-pdf-watch-dir\2022-09-22\Synthetic Biology A Primer.pdf
W:\SopKonijn\!QIQQA-pdf-watch-dir\2022-09-22\70424791.pdf
W:\SopKonijn\!QIQQA-pdf-watch-dir\2022-09-22\1912.13318.pdf
W:\SopKonijn\!QIQQA-pdf-watch-dir\2022-09-22\calculus-story-mathematical-adventure.pdf
W:\SopKonijn\!QIQQA-pdf-watch-dir\2022-09-22\cf.pdf
W:\SopKonijn\!QIQQA-pdf-watch-dir\2022-09-22\The Donkey in Human History An Archaeological Perspective.pdf
W:\SopKonijn\!QIQQA-pdf-watch-dir\2022-09-22\Numerical Solution of Differential Equations.pdf
W:\SopKonijn\!QIQQA-pdf-watch-dir\2022-09-22\Borland-Turbo-Vision-for-C-User-s-Guide.pdf
W:\SopKonijn\!QIQQA-pdf-watch-dir\2022-09-22\Fundamentals of Aerodynamics, 6th Edition.pdf
W:\SopKonijn\!QIQQA-pdf-watch-dir\2022-09-22\Calculus - A Complete Introduction A Teach Yourself Guide.pdf
W:\SopKonijn\!QIQQA-pdf-watch-dir\2022-09-22\[libribook.com] Data Lakes For Dummies 1st Edition.Pdf
W:\SopKonijn\!QIQQA-pdf-watch-dir\2022-09-22\Discovering SQL A Hands-On Guide for Beginners.pdf
W:\SopKonijn\!QIQQA-pdf-watch-dir\2022-09-22\Calculus, 11th Edition - Ron Larson.pdf
W:\SopKonijn\!QIQQA-pdf-watch-dir\2022-09-22\Practice Makes Perfect Algebra I Review and Workbook.pdf
W:\SopKonijn\!QIQQA-pdf-watch-dir\2022-09-22\Neuroteach.pdf
