Sample-PDFs-for-format-testing/pdfdraw-text-extract-horrors-and-low-quality-files/0070D3C89AC53FA8B9A67311539E5C4E8543EE.pdf
Sample-PDFs-for-format-testing/pdfdraw-text-extract-horrors-and-low-quality-files/011F033F115E237B398A87BD5A8F12E8683761.pdf
Sample-PDFs-for-format-testing/pdfdraw-text-extract-horrors-and-low-quality-files/015963C0E5D481FBD9FECEC456A8ACDF0676B.pdf
Sample-PDFs-for-format-testing/pdfdraw-text-extract-horrors-and-low-quality-files/0193977FC467E92BEE5D1488BF18C7717792DD.pdf
Sample-PDFs-for-format-testing/pdfdraw-text-extract-horrors-and-low-quality-files/04B497EC61B2B2A894D46724960281B8FB2C4C.pdf
Sample-PDFs-for-format-testing/pdfdraw-text-extract-horrors-and-low-quality-files/04FF573601F84C19A22B1AF2E5C827C7BF7B39A.pdf
Sample-PDFs-for-format-testing/pdfdraw-text-extract-horrors-and-low-quality-files/05DE243D4D470BE42B6607AA864465EAA3A035.pdf
Sample-PDFs-for-format-testing/pdfdraw-text-extract-horrors-and-low-quality-files/069BE1B606F3621A5C9F1737F561585E9DC5A.pdf
Sample-PDFs-for-format-testing/pdfdraw-text-extract-horrors-and-low-quality-files/0707988A7F0DC2F7E71F8E7F49D7AD26840C8.pdf
Sample-PDFs-for-format-testing/pdfdraw-text-extract-horrors-and-low-quality-files/07DA4D09BB9D859704B4A3EB4FC412EB7819.pdf
Sample-PDFs-for-format-testing/pdfdraw-text-extract-horrors-and-low-quality-files/09F1BEC8E87F912458D0EFD1521D9735BD74A9.pdf
Sample-PDFs-for-format-testing/pdfdraw-text-extract-horrors-and-low-quality-files/0A9EF160747476EBB8362C2F33F3967552184.pdf
Sample-PDFs-for-format-testing/pdfdraw-text-extract-horrors-and-low-quality-files/102379D11F93E2F5B2A1BEAE3A736944629F061.pdf
Sample-PDFs-for-format-testing/pdfdraw-text-extract-horrors-and-low-quality-files/102B57FFA972DCBA6EEF771D842A3F728FCF4D.pdf
Sample-PDFs-for-format-testing/pdfdraw-text-extract-horrors-and-low-quality-files/1040D86A97F14FAF921705F8BC8E1FB01D3BCA.pdf
Sample-PDFs-for-format-testing/pdfdraw-text-extract-horrors-and-low-quality-files/1041634E39062DEBC1C3F9C25E8A3756AC314B.pdf
Sample-PDFs-for-format-testing/pdfdraw-text-extract-horrors-and-low-quality-files/104CC4D014351F0E1D47613F08BE8AB22B6A8.pdf
Sample-PDFs-for-format-testing/pdfdraw-text-extract-horrors-and-low-quality-files/105D9FC96AEFC4D05730EC887690A8DB5A99C44B.pdf
Sample-PDFs-for-format-testing/pdfdraw-text-extract-horrors-and-low-quality-files/106F355ED696F7E2EAD2D6EB397D49C67CD4DA1.pdf
Sample-PDFs-for-format-testing/pdfdraw-text-extract-horrors-and-low-quality-files/10798B8C9881EE8C2F7D823C43E76AC9B922CD.pdf
Sample-PDFs-for-format-testing/pdfdraw-text-extract-horrors-and-low-quality-files/10822C58B7CE8328698EEB29F438183AB224482.pdf
Sample-PDFs-for-format-testing/pdfdraw-text-extract-horrors-and-low-quality-files/108527B72192483C332E77E87F55A1B943709E63.pdf
Sample-PDFs-for-format-testing/pdfdraw-text-extract-horrors-and-low-quality-files/108642B69BE9DA63BCCE86190D42574C3A0AA.pdf
Sample-PDFs-for-format-testing/pdfdraw-text-extract-horrors-and-low-quality-files/1110A7C5A1A4B71DD9CF111294A598DC263F3A5.pdf
Sample-PDFs-for-format-testing/pdfdraw-text-extract-horrors-and-low-quality-files/11161374C0C7AD50DCBF84FF7B163A86E9B14A8.pdf
Sample-PDFs-for-format-testing/pdfdraw-text-extract-horrors-and-low-quality-files/1117A73945B83EE5BBE389346B7123F855F986E.pdf
Sample-PDFs-for-format-testing/pdfdraw-text-extract-horrors-and-low-quality-files/111A144BAEDB273337DAE94762270129376A418.pdf
Sample-PDFs-for-format-testing/pdfdraw-text-extract-horrors-and-low-quality-files/111D7AC5AF7ACDBAC5C6BE9145982D2A2392997D.pdf
Sample-PDFs-for-format-testing/pdfdraw-text-extract-horrors-and-low-quality-files/112F68F040F2E77772E1268DF44E67FCF0896154.pdf
Sample-PDFs-for-format-testing/pdfdraw-text-extract-horrors-and-low-quality-files/1135DAAF57CDAB19BD7075CCF3889ED8BC5D7.pdf
Sample-PDFs-for-format-testing/pdfdraw-text-extract-horrors-and-low-quality-files/113A1C42E5AC383C6BB2D4CBF9FE05DB5F25DFB.pdf
Sample-PDFs-for-format-testing/pdfdraw-text-extract-horrors-and-low-quality-files/113DE552D6CB3433E6FDBEAF1BAFAE8ADB73D8B.pdf
Sample-PDFs-for-format-testing/pdfdraw-text-extract-horrors-and-low-quality-files/114B6EDE5750B9B4FB7B8D842B10CBE259F9C783.pdf
Sample-PDFs-for-format-testing/pdfdraw-text-extract-horrors-and-low-quality-files/11608B20E61D30315A78A7753CFBD5655C2329E.pdf
Sample-PDFs-for-format-testing/pdfdraw-text-extract-horrors-and-low-quality-files/1168C5E61CA6559F2A24A433C184973CEED7.pdf
Sample-PDFs-for-format-testing/pdfdraw-text-extract-horrors-and-low-quality-files/1169252A628F2338C3499AC22D935CDF166C38.pdf
Sample-PDFs-for-format-testing/pdfdraw-text-extract-horrors-and-low-quality-files/11847FFC01A37CB4961D7A64BBC6E876F2EB.pdf
Sample-PDFs-for-format-testing/pdfdraw-text-extract-horrors-and-low-quality-files/1186F95349BCEC6BEEA077D71A812A46207019C0.pdf
Sample-PDFs-for-format-testing/pdfdraw-text-extract-horrors-and-low-quality-files/118CC1395A787A70991A7F1EAEEE817BBCB3047.pdf
Sample-PDFs-for-format-testing/pdfdraw-text-extract-horrors-and-low-quality-files/118E4A407BF6E369809D8CD786C57C970E9BC3.pdf
Sample-PDFs-for-format-testing/pdfdraw-text-extract-horrors-and-low-quality-files/1192632AB3A0CCA5A296CD60F7C83976E332D488.pdf
Sample-PDFs-for-format-testing/pdfdraw-text-extract-horrors-and-low-quality-files/119398C5854B4A47AD405FAFC8DBE4FE707AFD8B.pdf
Sample-PDFs-for-format-testing/pdfdraw-text-extract-horrors-and-low-quality-files/1198A13EC9DAE654A71845ADE284BBF5AC246F7.pdf
Sample-PDFs-for-format-testing/pdfdraw-text-extract-horrors-and-low-quality-files/11BA6BD116654E10C1D1955A25832A69738AEE22.pdf
Sample-PDFs-for-format-testing/pdfdraw-text-extract-horrors-and-low-quality-files/11C637F2F76FB2D0E1D331E96D96E8A8EFF43.pdf
Sample-PDFs-for-format-testing/pdfdraw-text-extract-horrors-and-low-quality-files/11E06FE9708DDE40F8B872E332237546FF6D15D.pdf
Sample-PDFs-for-format-testing/pdfdraw-text-extract-horrors-and-low-quality-files/11F7974C945BF944446B7FF09BB0662F8EFAD2.pdf
Sample-PDFs-for-format-testing/pdfdraw-text-extract-horrors-and-low-quality-files/121410DC646FB0F721D77F4E3F776E44BC3772E.pdf
Sample-PDFs-for-format-testing/pdfdraw-text-extract-horrors-and-low-quality-files/1222E9368C5B4578FFDCD9C63CA75CF0D61B7.pdf
Sample-PDFs-for-format-testing/pdfdraw-text-extract-horrors-and-low-quality-files/1233FB5CA6E286EDABEA4CCEB99D7D7BF5652.pdf
Sample-PDFs-for-format-testing/pdfdraw-text-extract-horrors-and-low-quality-files/1242D32DF8866C657EB88207325E0FF11E051F0.pdf
Sample-PDFs-for-format-testing/pdfdraw-text-extract-horrors-and-low-quality-files/12444428C54AD9D43EEC2E0E7AA68A8EA5C96D.pdf
Sample-PDFs-for-format-testing/pdfdraw-text-extract-horrors-and-low-quality-files/1246A3C11DB7EF762F3CA2BCD01222361B079.pdf
Sample-PDFs-for-format-testing/pdfdraw-text-extract-horrors-and-low-quality-files/12529C4FCA6F687F2412CBCA8743A74DFC616B8.pdf
Sample-PDFs-for-format-testing/pdfdraw-text-extract-horrors-and-low-quality-files/125570C580B2B7ADB864DFEC4B4F12917314BC6E.pdf
Sample-PDFs-for-format-testing/pdfdraw-text-extract-horrors-and-low-quality-files/125E4A2AFCB220D443CC3494A81CF663CCD757A6.pdf
Sample-PDFs-for-format-testing/pdfdraw-text-extract-horrors-and-low-quality-files/128B38CF8B6EEB4AD86F2B40AC5D36DE9D76AD30.pdf
Sample-PDFs-for-format-testing/pdfdraw-text-extract-horrors-and-low-quality-files/12AE043C6B7E7CFF29F428F15F2AC94286445.pdf
Sample-PDFs-for-format-testing/pdfdraw-text-extract-horrors-and-low-quality-files/12B3A2627E87997438BDE3B888E4E7D13CB0FC61.pdf
Sample-PDFs-for-format-testing/pdfdraw-text-extract-horrors-and-low-quality-files/12D04A6DF3768F17B44A7A372362AF2CECB8531F.pdf
Sample-PDFs-for-format-testing/pdfdraw-text-extract-horrors-and-low-quality-files/12D2EF426CE3B84D1554123914E42465362E2FD4.pdf
Sample-PDFs-for-format-testing/pdfdraw-text-extract-horrors-and-low-quality-files/132F6E184FB8425E5895581F9D60EBA89DDCD73.pdf
Sample-PDFs-for-format-testing/pdfdraw-text-extract-horrors-and-low-quality-files/13532F193071F89ADD1DF9FFD5186FAC5E2B4EAF.pdf
Sample-PDFs-for-format-testing/pdfdraw-text-extract-horrors-and-low-quality-files/136837FA20F813C0E0A6E3115555A556B2F2EE3.pdf
Sample-PDFs-for-format-testing/pdfdraw-text-extract-horrors-and-low-quality-files/13984E9538EB7E1DA2B0B558663B35C8DCA43.pdf
Sample-PDFs-for-format-testing/pdfdraw-text-extract-horrors-and-low-quality-files/13A3F17110E553652A9F88F8A69CFE7471C878C.pdf
Sample-PDFs-for-format-testing/pdfdraw-text-extract-horrors-and-low-quality-files/13ABC0639F69D18998838A2C84BDDD86E0233BD2.pdf
Sample-PDFs-for-format-testing/pdfdraw-text-extract-horrors-and-low-quality-files/13C28EE48CF345DB5D53F918E41540CEF12541D2.pdf
Sample-PDFs-for-format-testing/pdfdraw-text-extract-horrors-and-low-quality-files/13E1D9FC494692EC76D88DD5F93F54DA976DF2.pdf
Sample-PDFs-for-format-testing/pdfdraw-text-extract-horrors-and-low-quality-files/13F038B6FE5849CA534A02BDC707C7A2DBB852.pdf
Sample-PDFs-for-format-testing/pdfdraw-text-extract-horrors-and-low-quality-files/14263E5536827758CAE60F9CBA29C611ABF6B.pdf
Sample-PDFs-for-format-testing/pdfdraw-text-extract-horrors-and-low-quality-files/1449AABD6FEED41A656E744984C3D8D8398DD10.pdf
Sample-PDFs-for-format-testing/pdfdraw-text-extract-horrors-and-low-quality-files/1469D8C30E8BFD2BEBBEBDD5C5B81EC23E9268F.pdf
Sample-PDFs-for-format-testing/pdfdraw-text-extract-horrors-and-low-quality-files/146EE143CB4FC880F89FA72585F5D3A76D587856.pdf
Sample-PDFs-for-format-testing/pdfdraw-text-extract-horrors-and-low-quality-files/14835CF5B8DF23DD6A3483F4F959F510C2EB77A4.pdf
Sample-PDFs-for-format-testing/pdfdraw-text-extract-horrors-and-low-quality-files/1493EE39E881C110C9CA6A8D6BA8E72F209F4178.pdf
Sample-PDFs-for-format-testing/pdfdraw-text-extract-horrors-and-low-quality-files/14A085AAC211EEA319BC18CAD9A53BFB22EAD3F.pdf
Sample-PDFs-for-format-testing/pdfdraw-text-extract-horrors-and-low-quality-files/151D49E6814E429979788DA576927A2F1AE732.pdf
Sample-PDFs-for-format-testing/pdfdraw-text-extract-horrors-and-low-quality-files/15299A4896F3DE174BE5BAA617CA998ACE91A3A.pdf
Sample-PDFs-for-format-testing/pdfdraw-text-extract-horrors-and-low-quality-files/157EEE747CADB936761628AF8BC5890A884F59B.pdf
Sample-PDFs-for-format-testing/pdfdraw-text-extract-horrors-and-low-quality-files/157EF018A5FA9C40747D5C41DEEA3B3681A2786.pdf
Sample-PDFs-for-format-testing/pdfdraw-text-extract-horrors-and-low-quality-files/15866E30D23C7DB1EA4C31E22B73A2743F2C510.pdf
Sample-PDFs-for-format-testing/pdfdraw-text-extract-horrors-and-low-quality-files/15B5CCBA996BECA89BE75496CF1DC8A07EC074.pdf
Sample-PDFs-for-format-testing/pdfdraw-text-extract-horrors-and-low-quality-files/15D97AA3F0B43E0F3CE3DF26EAB668D966E10.pdf
Sample-PDFs-for-format-testing/pdfdraw-text-extract-horrors-and-low-quality-files/15DB3BD72374C3F3438D3A182426B276FDD3CC.pdf
Sample-PDFs-for-format-testing/pdfdraw-text-extract-horrors-and-low-quality-files/1637FA578953B2E06A9B93D8C0FE606AD1F1DEC1.pdf
Sample-PDFs-for-format-testing/pdfdraw-text-extract-horrors-and-low-quality-files/165DECE182812CA0E7ACD5555570B9E3D9A655C.pdf
Sample-PDFs-for-format-testing/pdfdraw-text-extract-horrors-and-low-quality-files/1664A939C0554B3A9E3A428F563B52C386BDEE3.pdf
Sample-PDFs-for-format-testing/pdfdraw-text-extract-horrors-and-low-quality-files/166D3320FA251C6B7F624D6449922E3928F04.pdf
Sample-PDFs-for-format-testing/pdfdraw-text-extract-horrors-and-low-quality-files/167323DA6DDF9C4ACBEC5B055E216CE0461953.pdf
Sample-PDFs-for-format-testing/pdfdraw-text-extract-horrors-and-low-quality-files/167CCEF82BEF13D41B9B77EA791337FEECADAD3E.pdf
Sample-PDFs-for-format-testing/pdfdraw-text-extract-horrors-and-low-quality-files/169845858512367BBD45946202889E03BDDD21D.pdf
Sample-PDFs-for-format-testing/pdfdraw-text-extract-horrors-and-low-quality-files/16A4586DF34CA82C61BA14DC655CBAF5BBE54EE6.pdf
Sample-PDFs-for-format-testing/pdfdraw-text-extract-horrors-and-low-quality-files/16AA8A85296216CE774A03E8EDC4083C8558BBD.pdf
Sample-PDFs-for-format-testing/pdfdraw-text-extract-horrors-and-low-quality-files/16AE92F7C639F167D18C2B5E797716148C07B.pdf
Sample-PDFs-for-format-testing/pdfdraw-text-extract-horrors-and-low-quality-files/16BA54B440B58C81BD553AF81C36A2E55CDA6AA.pdf
Sample-PDFs-for-format-testing/pdfdraw-text-extract-horrors-and-low-quality-files/16CCBEA85AFCD18EA3986B6E5455A723E7921063.pdf
Sample-PDFs-for-format-testing/pdfdraw-text-extract-horrors-and-low-quality-files/16E728B9B1A38C01B5D14E472B41D80648BF99.pdf
Sample-PDFs-for-format-testing/pdfdraw-text-extract-horrors-and-low-quality-files/16E87737DE7FD7BEBCE7A020401E43FED69099E8.pdf
Sample-PDFs-for-format-testing/pdfdraw-text-extract-horrors-and-low-quality-files/171DE412CE709A12F6836716CE724371A26A.pdf
Sample-PDFs-for-format-testing/pdfdraw-text-extract-horrors-and-low-quality-files/171FD5E1ED2721EF5E83D7C72128E78E10E3A35.pdf
Sample-PDFs-for-format-testing/pdfdraw-text-extract-horrors-and-low-quality-files/1726379D8E1296596FF1B220A1E91596FCC43621.pdf
Sample-PDFs-for-format-testing/pdfdraw-text-extract-horrors-and-low-quality-files/17912DF19D9923858AD52B302ADC8A29F13B778C.pdf
Sample-PDFs-for-format-testing/pdfdraw-text-extract-horrors-and-low-quality-files/179DE79B118923554A23680D2A3A97A46F6A3B5.pdf
Sample-PDFs-for-format-testing/pdfdraw-text-extract-horrors-and-low-quality-files/17E24FC4F535C6BBC734ED959E44B6D4AD71794D.pdf
Sample-PDFs-for-format-testing/pdfdraw-text-extract-horrors-and-low-quality-files/17FDC3BF37E47462D239D0EB9020AE5CEB2A57D6.pdf
Sample-PDFs-for-format-testing/pdfdraw-text-extract-horrors-and-low-quality-files/18186BFE65FC93264E821CA44959BDF11B4E39.pdf
Sample-PDFs-for-format-testing/pdfdraw-text-extract-horrors-and-low-quality-files/280B6C5F333F8DB7519669AFF95F7EECA1096.pdf
Sample-PDFs-for-format-testing/pdfdraw-text-extract-horrors-and-low-quality-files/280D4D34B82BD7ACADEFFA1BDFC57C0243357D3.pdf
Sample-PDFs-for-format-testing/pdfdraw-text-extract-horrors-and-low-quality-files/2811DCDF36B037CB87F3239621FEA77C6DAFDB5.pdf
Sample-PDFs-for-format-testing/pdfdraw-text-extract-horrors-and-low-quality-files/2811E426783141664732679AFDB8D72CE9426BA.pdf
Sample-PDFs-for-format-testing/pdfdraw-text-extract-horrors-and-low-quality-files/281A6288787F6C9AAB9CB612CA623E4248E60D0.pdf
Sample-PDFs-for-format-testing/pdfdraw-text-extract-horrors-and-low-quality-files/281A94E77CE91CFFF5F6AC8D2D4B88638D9D6CC.pdf
Sample-PDFs-for-format-testing/pdfdraw-text-extract-horrors-and-low-quality-files/281B93D26544EFF98CF9EE9F363321C0CD467757.pdf
Sample-PDFs-for-format-testing/pdfdraw-text-extract-horrors-and-low-quality-files/281BEFD754FD3E955CD479A441BC4F31F59E3.pdf
Sample-PDFs-for-format-testing/pdfdraw-text-extract-horrors-and-low-quality-files/281E5E91CE152E2B4B042372FA5E4DB92AA4E1.pdf
Sample-PDFs-for-format-testing/pdfdraw-text-extract-horrors-and-low-quality-files/28258EE4BBA5E904F419E4655D0B15DD5E043.pdf
Sample-PDFs-for-format-testing/pdfdraw-text-extract-horrors-and-low-quality-files/2829B302C76331655F6890F0FCB7FBB6F8346.pdf
Sample-PDFs-for-format-testing/pdfdraw-text-extract-horrors-and-low-quality-files/282B2039D24C5DD1DC14CD678CF7B16D5AEE5B75.pdf
Sample-PDFs-for-format-testing/pdfdraw-text-extract-horrors-and-low-quality-files/282B43FBE9DCF1383CCBF6E64B78FBE4BAEDDC1E.pdf
Sample-PDFs-for-format-testing/pdfdraw-text-extract-horrors-and-low-quality-files/28389AFF3C91E45FCF8948B5ED49C1F69A2E6D7.pdf
Sample-PDFs-for-format-testing/pdfdraw-text-extract-horrors-and-low-quality-files/283A751FE6A1CC594F6C642DEC6AB818401493A7.pdf
Sample-PDFs-for-format-testing/pdfdraw-text-extract-horrors-and-low-quality-files/284AEBECF3F58032652C3214B75E596AB441E4B.pdf
Sample-PDFs-for-format-testing/pdfdraw-text-extract-horrors-and-low-quality-files/2850F34E235FC411C45D02B66475814E45F40C3.pdf
Sample-PDFs-for-format-testing/pdfdraw-text-extract-horrors-and-low-quality-files/285881B404EB128C5ECC24B878D7B4D353942.pdf
Sample-PDFs-for-format-testing/pdfdraw-text-extract-horrors-and-low-quality-files/285D7F7D4DF66B8F8E184B0838F93E638C6A4A2.pdf
Sample-PDFs-for-format-testing/pdfdraw-text-extract-horrors-and-low-quality-files/286379EAE91281AFA25DEA2DF8E64751CF450AB.pdf
Sample-PDFs-for-format-testing/pdfdraw-text-extract-horrors-and-low-quality-files/2865863B32582C75BA340C7A4EC6720F24C57.pdf
Sample-PDFs-for-format-testing/pdfdraw-text-extract-horrors-and-low-quality-files/286744A50F12EC346F1F1A32DDB412C995030.pdf
Sample-PDFs-for-format-testing/pdfdraw-text-extract-horrors-and-low-quality-files/286896D71319FB71C234B73E9B44A83A812541.pdf
Sample-PDFs-for-format-testing/pdfdraw-text-extract-horrors-and-low-quality-files/286AAB37A8F3A2D4DF9E40C97D694B7ECA6A61A.pdf
Sample-PDFs-for-format-testing/pdfdraw-text-extract-horrors-and-low-quality-files/28721FDEE4176FFB078661B29FAE6F8FE51AF58.pdf
Sample-PDFs-for-format-testing/pdfdraw-text-extract-horrors-and-low-quality-files/2873BF8C911CEB5CAD84F8C887AFBBD931E46.pdf
Sample-PDFs-for-format-testing/pdfdraw-text-extract-horrors-and-low-quality-files/2877B7F15315E1441DBB4DD0BCE7FDA0D78FCF16.pdf
Sample-PDFs-for-format-testing/pdfdraw-text-extract-horrors-and-low-quality-files/287A3EA9769B2A93F939148FDF543306380D9FF.pdf
Sample-PDFs-for-format-testing/pdfdraw-text-extract-horrors-and-low-quality-files/287D90C5B94059BF479A73172C12ADBE0AD4C37.pdf
Sample-PDFs-for-format-testing/pdfdraw-text-extract-horrors-and-low-quality-files/287EC2918AB15F338EB13A3393754121C4FB4E0.pdf
Sample-PDFs-for-format-testing/pdfdraw-text-extract-horrors-and-low-quality-files/2880C4DEB2E55840A57FCFC9CDECF418D84BE5B2.pdf
Sample-PDFs-for-format-testing/pdfdraw-text-extract-horrors-and-low-quality-files/28896144B17E412454321927E70CE6D534C3F85.pdf
Sample-PDFs-for-format-testing/pdfdraw-text-extract-horrors-and-low-quality-files/2890A17381887CD168F85818E2C2D60A75D9A5.pdf
Sample-PDFs-for-format-testing/pdfdraw-text-extract-horrors-and-low-quality-files/2897C086ECB5D2158899E666F2B749F223C866E.pdf
Sample-PDFs-for-format-testing/pdfdraw-text-extract-horrors-and-low-quality-files/28995661D4F77248215747875AD8DDEC2CF.pdf
Sample-PDFs-for-format-testing/pdfdraw-text-extract-horrors-and-low-quality-files/28A157E26B92E62C6E1FE6A6AFA934023773AA0.pdf
Sample-PDFs-for-format-testing/pdfdraw-text-extract-horrors-and-low-quality-files/28A75398587080FE7F293EB4D91795E05DDD27F5.pdf
Sample-PDFs-for-format-testing/pdfdraw-text-extract-horrors-and-low-quality-files/28A826D230F49F360844F76831C3B3348E890.pdf
Sample-PDFs-for-format-testing/pdfdraw-text-extract-horrors-and-low-quality-files/28E2AA89CE6137F5AAE292DF3B2CCC4112BC2.pdf
Sample-PDFs-for-format-testing/pdfdraw-text-extract-horrors-and-low-quality-files/28ECBEB57D6464645312D63BEC2BBF3895DD0.pdf
Sample-PDFs-for-format-testing/pdfdraw-text-extract-horrors-and-low-quality-files/28F4E33BE54A19F648638B5229D6EC132356FD7.pdf
Sample-PDFs-for-format-testing/pdfdraw-text-extract-horrors-and-low-quality-files/28FDDA20DD491151B5DF7C97B46736B52CF7E.pdf
Sample-PDFs-for-format-testing/pdfdraw-text-extract-horrors-and-low-quality-files/55131B575E523EACFACD7ADEB356E488CE11F410.pdf
Sample-PDFs-for-format-testing/pdfdraw-text-extract-horrors-and-low-quality-files/5519E27614D0E2105B4FCB4D7D4E85DAEF52AFC.pdf
Sample-PDFs-for-format-testing/pdfdraw-text-extract-horrors-and-low-quality-files/55288C3BFDB03C0C6738670B4A462AE75957141.pdf
Sample-PDFs-for-format-testing/pdfdraw-text-extract-horrors-and-low-quality-files/5530FE2C69857CA129AB80E93849FEBC74A33B90.pdf
Sample-PDFs-for-format-testing/pdfdraw-text-extract-horrors-and-low-quality-files/553AC0E30AD9CA79C9A75663CEBC769CC3D39C.pdf
Sample-PDFs-for-format-testing/pdfdraw-text-extract-horrors-and-low-quality-files/5540ACB62AC60406458B334F2234EA32365B2.pdf
Sample-PDFs-for-format-testing/pdfdraw-text-extract-horrors-and-low-quality-files/55468DED9C32727E9BA1D07E9AF96EA587C0B261.pdf
Sample-PDFs-for-format-testing/pdfdraw-text-extract-horrors-and-low-quality-files/5548997D74BC11A07A6B49D4772F36E6AAE8CD.pdf
Sample-PDFs-for-format-testing/pdfdraw-text-extract-horrors-and-low-quality-files/554CEDC2EB81E503B8C5FBE5D88D59F7E7C5118.pdf
Sample-PDFs-for-format-testing/pdfdraw-text-extract-horrors-and-low-quality-files/5567AB79D5A245DD5E4143C71A45988CE59455C.pdf
Sample-PDFs-for-format-testing/pdfdraw-text-extract-horrors-and-low-quality-files/5568ECD9789BC5FDDFD05989C6C93BC4D53CEDDD.pdf
Sample-PDFs-for-format-testing/pdfdraw-text-extract-horrors-and-low-quality-files/5577415FCB90FF73CB604A65A2E2304F1DC063F6.pdf
Sample-PDFs-for-format-testing/pdfdraw-text-extract-horrors-and-low-quality-files/55896BFBB1EC6FD46CA2767CA48F4C576CF03D.pdf
Sample-PDFs-for-format-testing/pdfdraw-text-extract-horrors-and-low-quality-files/5597BDBDE0CD3FF15DB5F11F92D7CFDB5860261B.pdf
Sample-PDFs-for-format-testing/pdfdraw-text-extract-horrors-and-low-quality-files/5597CEAFFA8215AD72EF422748B5942EEBC8A9.pdf
Sample-PDFs-for-format-testing/pdfdraw-text-extract-horrors-and-low-quality-files/55A4A745DAC467184305E49FFAE9221F3F1F71C.pdf
Sample-PDFs-for-format-testing/pdfdraw-text-extract-horrors-and-low-quality-files/55BD59E929C74B75C9FE994D879D715D185A6036.pdf
Sample-PDFs-for-format-testing/pdfdraw-text-extract-horrors-and-low-quality-files/55BEBE897BDDD59C70E9E59C850A6DBABE21677.pdf
Sample-PDFs-for-format-testing/pdfdraw-text-extract-horrors-and-low-quality-files/55C5D0A370DFA7E5ECBD9A185903DBEBD41E8B4.pdf
Sample-PDFs-for-format-testing/pdfdraw-text-extract-horrors-and-low-quality-files/55CAE9F03CC2206C1F1FB7A59F308B718B716B7E.pdf
Sample-PDFs-for-format-testing/pdfdraw-text-extract-horrors-and-low-quality-files/55DAD27C591975DE924786B3147CE53A46F9ADB.pdf
Sample-PDFs-for-format-testing/pdfdraw-text-extract-horrors-and-low-quality-files/55E2DF1E720503DFCB215EB5DC4BDC0ABFF3E47.pdf
Sample-PDFs-for-format-testing/pdfdraw-text-extract-horrors-and-low-quality-files/55E55EB754CDE25483677A6173E5B6C540366E9A.pdf
Sample-PDFs-for-format-testing/pdfdraw-text-extract-horrors-and-low-quality-files/55FA2BD3F4F1A76A4F8C742EF705B25B32D2FC.pdf
Sample-PDFs-for-format-testing/pdfdraw-text-extract-horrors-and-low-quality-files/6410CE3A9CCA56F583218B81C7E5A954DBEE3E85.pdf
Sample-PDFs-for-format-testing/pdfdraw-text-extract-horrors-and-low-quality-files/6415F16A7D9A396290DD9086B3E64C2B0D6EB.pdf
Sample-PDFs-for-format-testing/pdfdraw-text-extract-horrors-and-low-quality-files/6416F5F94B51287D7E8C81AC378FF10AA4A1036.pdf
Sample-PDFs-for-format-testing/pdfdraw-text-extract-horrors-and-low-quality-files/643C4AF3937C4F0CE66F126B1116E9109D675A.pdf
Sample-PDFs-for-format-testing/pdfdraw-text-extract-horrors-and-low-quality-files/6443636A69B3595EC63321DB5C4C95D8EA44D53.pdf
Sample-PDFs-for-format-testing/pdfdraw-text-extract-horrors-and-low-quality-files/64451560F5357D7B6F6E8B4C958A5AD574BC569.pdf
Sample-PDFs-for-format-testing/pdfdraw-text-extract-horrors-and-low-quality-files/645BEC76B5DF2421B2CE5B8F6384A758728F8.pdf
Sample-PDFs-for-format-testing/pdfdraw-text-extract-horrors-and-low-quality-files/64684C5FF02EEFF97B2DFC9FC1358C37B99355.pdf
Sample-PDFs-for-format-testing/pdfdraw-text-extract-horrors-and-low-quality-files/649AD798058E96B4E5D69CCFF6E0E6AB710.pdf
Sample-PDFs-for-format-testing/pdfdraw-text-extract-horrors-and-low-quality-files/64A35D613F6EEDF017257858ED10C48EE6D21152.pdf
Sample-PDFs-for-format-testing/pdfdraw-text-extract-horrors-and-low-quality-files/64D2E3E251C22BF15D5C9AF7F85CA17F05043D8.pdf
Sample-PDFs-for-format-testing/pdfdraw-text-extract-horrors-and-low-quality-files/64EA244F4329BCF655517CCB56C303730B97F63.pdf
Sample-PDFs-for-format-testing/pdfdraw-text-extract-horrors-and-low-quality-files/64EBC6BD6D7AF5DC7B788ECB28D66DC924FF604D.pdf
Sample-PDFs-for-format-testing/pdfdraw-text-extract-horrors-and-low-quality-files/64ED586D1A713A4ADC4AEB8D58883A546DFA783.pdf
Sample-PDFs-for-format-testing/pdfdraw-text-extract-horrors-and-low-quality-files/64F358F4F958ACBB38E7A25A1FA697BCC9F82FFE.pdf
