Sample-PDFs-for-format-testing/Unicode v13/RSIndex.pdf
Sample-PDFs-for-format-testing/Unicode v13/U0000.pdf
Sample-PDFs-for-format-testing/Unicode v13/U0080.pdf
Sample-PDFs-for-format-testing/Unicode v13/U0100.pdf
Sample-PDFs-for-format-testing/Unicode v13/U0180.pdf
Sample-PDFs-for-format-testing/Unicode v13/U0250.pdf
Sample-PDFs-for-format-testing/Unicode v13/U02B0.pdf
Sample-PDFs-for-format-testing/Unicode v13/U0300.pdf
Sample-PDFs-for-format-testing/Unicode v13/U0370.pdf
Sample-PDFs-for-format-testing/Unicode v13/U0400.pdf
Sample-PDFs-for-format-testing/Unicode v13/U0500.pdf
Sample-PDFs-for-format-testing/Unicode v13/U0530.pdf
Sample-PDFs-for-format-testing/Unicode v13/U0590.pdf
Sample-PDFs-for-format-testing/Unicode v13/U0600.pdf
Sample-PDFs-for-format-testing/Unicode v13/U0700.pdf
Sample-PDFs-for-format-testing/Unicode v13/U0750.pdf
Sample-PDFs-for-format-testing/Unicode v13/U0780.pdf
Sample-PDFs-for-format-testing/Unicode v13/U07C0.pdf
Sample-PDFs-for-format-testing/Unicode v13/U0800.pdf
Sample-PDFs-for-format-testing/Unicode v13/U0840.pdf
Sample-PDFs-for-format-testing/Unicode v13/U0860.pdf
Sample-PDFs-for-format-testing/Unicode v13/U08A0.pdf
Sample-PDFs-for-format-testing/Unicode v13/U0900.pdf
Sample-PDFs-for-format-testing/Unicode v13/U0980.pdf
Sample-PDFs-for-format-testing/Unicode v13/U0A00.pdf
Sample-PDFs-for-format-testing/Unicode v13/U0A80.pdf
Sample-PDFs-for-format-testing/Unicode v13/U0B00.pdf
Sample-PDFs-for-format-testing/Unicode v13/U0B80.pdf
Sample-PDFs-for-format-testing/Unicode v13/U0C00.pdf
Sample-PDFs-for-format-testing/Unicode v13/U0C80.pdf
Sample-PDFs-for-format-testing/Unicode v13/U0D00.pdf
Sample-PDFs-for-format-testing/Unicode v13/U0D80.pdf
Sample-PDFs-for-format-testing/Unicode v13/U0E00.pdf
Sample-PDFs-for-format-testing/Unicode v13/U0E80.pdf
Sample-PDFs-for-format-testing/Unicode v13/U0F00.pdf
Sample-PDFs-for-format-testing/Unicode v13/U1000.pdf
Sample-PDFs-for-format-testing/Unicode v13/U10000.pdf
Sample-PDFs-for-format-testing/Unicode v13/U100000.pdf
Sample-PDFs-for-format-testing/Unicode v13/U10080.pdf
Sample-PDFs-for-format-testing/Unicode v13/U10100.pdf
Sample-PDFs-for-format-testing/Unicode v13/U10140.pdf
Sample-PDFs-for-format-testing/Unicode v13/U10190.pdf
Sample-PDFs-for-format-testing/Unicode v13/U101D0.pdf
Sample-PDFs-for-format-testing/Unicode v13/U10280.pdf
Sample-PDFs-for-format-testing/Unicode v13/U102A0.pdf
Sample-PDFs-for-format-testing/Unicode v13/U102E0.pdf
Sample-PDFs-for-format-testing/Unicode v13/U10300.pdf
Sample-PDFs-for-format-testing/Unicode v13/U10330.pdf
Sample-PDFs-for-format-testing/Unicode v13/U10350.pdf
Sample-PDFs-for-format-testing/Unicode v13/U10380.pdf
Sample-PDFs-for-format-testing/Unicode v13/U103A0.pdf
Sample-PDFs-for-format-testing/Unicode v13/U10400.pdf
Sample-PDFs-for-format-testing/Unicode v13/U10450.pdf
Sample-PDFs-for-format-testing/Unicode v13/U10480.pdf
Sample-PDFs-for-format-testing/Unicode v13/U104B0.pdf
Sample-PDFs-for-format-testing/Unicode v13/U10500.pdf
Sample-PDFs-for-format-testing/Unicode v13/U10530.pdf
Sample-PDFs-for-format-testing/Unicode v13/U10600.pdf
Sample-PDFs-for-format-testing/Unicode v13/U10800.pdf
Sample-PDFs-for-format-testing/Unicode v13/U10840.pdf
Sample-PDFs-for-format-testing/Unicode v13/U10860.pdf
Sample-PDFs-for-format-testing/Unicode v13/U10880.pdf
Sample-PDFs-for-format-testing/Unicode v13/U108E0.pdf
Sample-PDFs-for-format-testing/Unicode v13/U10900.pdf
Sample-PDFs-for-format-testing/Unicode v13/U10920.pdf
Sample-PDFs-for-format-testing/Unicode v13/U10980.pdf
Sample-PDFs-for-format-testing/Unicode v13/U109A0.pdf
Sample-PDFs-for-format-testing/Unicode v13/U10A0.pdf
Sample-PDFs-for-format-testing/Unicode v13/U10A00.pdf
Sample-PDFs-for-format-testing/Unicode v13/U10A60.pdf
Sample-PDFs-for-format-testing/Unicode v13/U10A80.pdf
Sample-PDFs-for-format-testing/Unicode v13/U10AC0.pdf
Sample-PDFs-for-format-testing/Unicode v13/U10B00.pdf
Sample-PDFs-for-format-testing/Unicode v13/U10B40.pdf
Sample-PDFs-for-format-testing/Unicode v13/U10B60.pdf
Sample-PDFs-for-format-testing/Unicode v13/U10B80.pdf
Sample-PDFs-for-format-testing/Unicode v13/U10C00.pdf
Sample-PDFs-for-format-testing/Unicode v13/U10C80.pdf
Sample-PDFs-for-format-testing/Unicode v13/U10D00.pdf
Sample-PDFs-for-format-testing/Unicode v13/U10E60.pdf
Sample-PDFs-for-format-testing/Unicode v13/U10E80.pdf
Sample-PDFs-for-format-testing/Unicode v13/U10F00.pdf
Sample-PDFs-for-format-testing/Unicode v13/U10F30.pdf
Sample-PDFs-for-format-testing/Unicode v13/U10FB0.pdf
Sample-PDFs-for-format-testing/Unicode v13/U10FE0.pdf
Sample-PDFs-for-format-testing/Unicode v13/U10FF80.pdf
Sample-PDFs-for-format-testing/Unicode v13/U1100.pdf
Sample-PDFs-for-format-testing/Unicode v13/U11000.pdf
Sample-PDFs-for-format-testing/Unicode v13/U11080.pdf
Sample-PDFs-for-format-testing/Unicode v13/U110D0.pdf
Sample-PDFs-for-format-testing/Unicode v13/U11100.pdf
Sample-PDFs-for-format-testing/Unicode v13/U11150.pdf
Sample-PDFs-for-format-testing/Unicode v13/U11180.pdf
Sample-PDFs-for-format-testing/Unicode v13/U111E0.pdf
Sample-PDFs-for-format-testing/Unicode v13/U11200.pdf
Sample-PDFs-for-format-testing/Unicode v13/U11280.pdf
Sample-PDFs-for-format-testing/Unicode v13/U112B0.pdf
Sample-PDFs-for-format-testing/Unicode v13/U11300.pdf
Sample-PDFs-for-format-testing/Unicode v13/U11400.pdf
Sample-PDFs-for-format-testing/Unicode v13/U11480.pdf
Sample-PDFs-for-format-testing/Unicode v13/U11580.pdf
Sample-PDFs-for-format-testing/Unicode v13/U11600.pdf
Sample-PDFs-for-format-testing/Unicode v13/U11660.pdf
Sample-PDFs-for-format-testing/Unicode v13/U11680.pdf
Sample-PDFs-for-format-testing/Unicode v13/U11700.pdf
Sample-PDFs-for-format-testing/Unicode v13/U11800.pdf
Sample-PDFs-for-format-testing/Unicode v13/U118A0.pdf
Sample-PDFs-for-format-testing/Unicode v13/U11900.pdf
Sample-PDFs-for-format-testing/Unicode v13/U119A0.pdf
Sample-PDFs-for-format-testing/Unicode v13/U11A00.pdf
Sample-PDFs-for-format-testing/Unicode v13/U11A50.pdf
Sample-PDFs-for-format-testing/Unicode v13/U11AC0.pdf
Sample-PDFs-for-format-testing/Unicode v13/U11C00.pdf
Sample-PDFs-for-format-testing/Unicode v13/U11C70.pdf
Sample-PDFs-for-format-testing/Unicode v13/U11D00.pdf
Sample-PDFs-for-format-testing/Unicode v13/U11D60.pdf
Sample-PDFs-for-format-testing/Unicode v13/U11EE0.pdf
Sample-PDFs-for-format-testing/Unicode v13/U11FB0.pdf
Sample-PDFs-for-format-testing/Unicode v13/U11FC0.pdf
Sample-PDFs-for-format-testing/Unicode v13/U1200.pdf
Sample-PDFs-for-format-testing/Unicode v13/U12000.pdf
Sample-PDFs-for-format-testing/Unicode v13/U12400.pdf
Sample-PDFs-for-format-testing/Unicode v13/U12480.pdf
Sample-PDFs-for-format-testing/Unicode v13/U13000.pdf
Sample-PDFs-for-format-testing/Unicode v13/U13430.pdf
Sample-PDFs-for-format-testing/Unicode v13/U1380.pdf
Sample-PDFs-for-format-testing/Unicode v13/U13A0.pdf
Sample-PDFs-for-format-testing/Unicode v13/U1400.pdf
Sample-PDFs-for-format-testing/Unicode v13/U14400.pdf
Sample-PDFs-for-format-testing/Unicode v13/U1680.pdf
Sample-PDFs-for-format-testing/Unicode v13/U16800.pdf
Sample-PDFs-for-format-testing/Unicode v13/U16A0.pdf
Sample-PDFs-for-format-testing/Unicode v13/U16A40.pdf
Sample-PDFs-for-format-testing/Unicode v13/U16AD0.pdf
Sample-PDFs-for-format-testing/Unicode v13/U16B00.pdf
Sample-PDFs-for-format-testing/Unicode v13/U16E40.pdf
Sample-PDFs-for-format-testing/Unicode v13/U16F00.pdf
Sample-PDFs-for-format-testing/Unicode v13/U16FE0.pdf
Sample-PDFs-for-format-testing/Unicode v13/U1700.pdf
Sample-PDFs-for-format-testing/Unicode v13/U17000.pdf
Sample-PDFs-for-format-testing/Unicode v13/U1720.pdf
Sample-PDFs-for-format-testing/Unicode v13/U1740.pdf
Sample-PDFs-for-format-testing/Unicode v13/U1760.pdf
Sample-PDFs-for-format-testing/Unicode v13/U1780.pdf
Sample-PDFs-for-format-testing/Unicode v13/U1800.pdf
Sample-PDFs-for-format-testing/Unicode v13/U18800.pdf
Sample-PDFs-for-format-testing/Unicode v13/U18B0.pdf
Sample-PDFs-for-format-testing/Unicode v13/U18B00.pdf
Sample-PDFs-for-format-testing/Unicode v13/U18D00.pdf
Sample-PDFs-for-format-testing/Unicode v13/U1900.pdf
Sample-PDFs-for-format-testing/Unicode v13/U1950.pdf
Sample-PDFs-for-format-testing/Unicode v13/U1980.pdf
Sample-PDFs-for-format-testing/Unicode v13/U19E0.pdf
Sample-PDFs-for-format-testing/Unicode v13/U1A00.pdf
Sample-PDFs-for-format-testing/Unicode v13/U1A20.pdf
Sample-PDFs-for-format-testing/Unicode v13/U1AB0.pdf
Sample-PDFs-for-format-testing/Unicode v13/U1B00.pdf
Sample-PDFs-for-format-testing/Unicode v13/U1B000.pdf
Sample-PDFs-for-format-testing/Unicode v13/U1B100.pdf
Sample-PDFs-for-format-testing/Unicode v13/U1B130.pdf
Sample-PDFs-for-format-testing/Unicode v13/U1B170.pdf
Sample-PDFs-for-format-testing/Unicode v13/U1B80.pdf
Sample-PDFs-for-format-testing/Unicode v13/U1BC0.pdf
Sample-PDFs-for-format-testing/Unicode v13/U1BC00.pdf
Sample-PDFs-for-format-testing/Unicode v13/U1BCA0.pdf
Sample-PDFs-for-format-testing/Unicode v13/U1C00.pdf
Sample-PDFs-for-format-testing/Unicode v13/U1C50.pdf
Sample-PDFs-for-format-testing/Unicode v13/U1C80.pdf
Sample-PDFs-for-format-testing/Unicode v13/U1C90.pdf
Sample-PDFs-for-format-testing/Unicode v13/U1CC0.pdf
Sample-PDFs-for-format-testing/Unicode v13/U1CD0.pdf
Sample-PDFs-for-format-testing/Unicode v13/U1D00.pdf
Sample-PDFs-for-format-testing/Unicode v13/U1D000.pdf
Sample-PDFs-for-format-testing/Unicode v13/U1D100.pdf
Sample-PDFs-for-format-testing/Unicode v13/U1D200.pdf
Sample-PDFs-for-format-testing/Unicode v13/U1D2E0.pdf
Sample-PDFs-for-format-testing/Unicode v13/U1D300.pdf
Sample-PDFs-for-format-testing/Unicode v13/U1D360.pdf
Sample-PDFs-for-format-testing/Unicode v13/U1D400.pdf
Sample-PDFs-for-format-testing/Unicode v13/U1D80.pdf
Sample-PDFs-for-format-testing/Unicode v13/U1D800.pdf
Sample-PDFs-for-format-testing/Unicode v13/U1DC0.pdf
Sample-PDFs-for-format-testing/Unicode v13/U1E00.pdf
Sample-PDFs-for-format-testing/Unicode v13/U1E000.pdf
Sample-PDFs-for-format-testing/Unicode v13/U1E100.pdf
Sample-PDFs-for-format-testing/Unicode v13/U1E2C0.pdf
Sample-PDFs-for-format-testing/Unicode v13/U1E800.pdf
Sample-PDFs-for-format-testing/Unicode v13/U1E900.pdf
Sample-PDFs-for-format-testing/Unicode v13/U1EC70.pdf
Sample-PDFs-for-format-testing/Unicode v13/U1ED00.pdf
Sample-PDFs-for-format-testing/Unicode v13/U1EE00.pdf
Sample-PDFs-for-format-testing/Unicode v13/U1F00.pdf
Sample-PDFs-for-format-testing/Unicode v13/U1F000.pdf
Sample-PDFs-for-format-testing/Unicode v13/U1F030.pdf
Sample-PDFs-for-format-testing/Unicode v13/U1F0A0.pdf
Sample-PDFs-for-format-testing/Unicode v13/U1F100.pdf
Sample-PDFs-for-format-testing/Unicode v13/U1F200.pdf
Sample-PDFs-for-format-testing/Unicode v13/U1F300.pdf
Sample-PDFs-for-format-testing/Unicode v13/U1F600.pdf
Sample-PDFs-for-format-testing/Unicode v13/U1F650.pdf
Sample-PDFs-for-format-testing/Unicode v13/U1F680.pdf
Sample-PDFs-for-format-testing/Unicode v13/U1F700.pdf
Sample-PDFs-for-format-testing/Unicode v13/U1F780.pdf
Sample-PDFs-for-format-testing/Unicode v13/U1F800.pdf
Sample-PDFs-for-format-testing/Unicode v13/U1F900.pdf
Sample-PDFs-for-format-testing/Unicode v13/U1FA00.pdf
Sample-PDFs-for-format-testing/Unicode v13/U1FA70.pdf
Sample-PDFs-for-format-testing/Unicode v13/U1FB00.pdf
Sample-PDFs-for-format-testing/Unicode v13/U1FF80.pdf
Sample-PDFs-for-format-testing/Unicode v13/U2000.pdf
Sample-PDFs-for-format-testing/Unicode v13/U20000.pdf
Sample-PDFs-for-format-testing/Unicode v13/U2070.pdf
Sample-PDFs-for-format-testing/Unicode v13/U20A0.pdf
Sample-PDFs-for-format-testing/Unicode v13/U20D0.pdf
Sample-PDFs-for-format-testing/Unicode v13/U2100.pdf
Sample-PDFs-for-format-testing/Unicode v13/U2150.pdf
Sample-PDFs-for-format-testing/Unicode v13/U2190.pdf
Sample-PDFs-for-format-testing/Unicode v13/U2200.pdf
Sample-PDFs-for-format-testing/Unicode v13/U2300.pdf
Sample-PDFs-for-format-testing/Unicode v13/U2400.pdf
Sample-PDFs-for-format-testing/Unicode v13/U2440.pdf
Sample-PDFs-for-format-testing/Unicode v13/U2460.pdf
Sample-PDFs-for-format-testing/Unicode v13/U2500.pdf
Sample-PDFs-for-format-testing/Unicode v13/U2580.pdf
Sample-PDFs-for-format-testing/Unicode v13/U25A0.pdf
Sample-PDFs-for-format-testing/Unicode v13/U2600.pdf
Sample-PDFs-for-format-testing/Unicode v13/U2700.pdf
Sample-PDFs-for-format-testing/Unicode v13/U27C0.pdf
Sample-PDFs-for-format-testing/Unicode v13/U27F0.pdf
Sample-PDFs-for-format-testing/Unicode v13/U2800.pdf
Sample-PDFs-for-format-testing/Unicode v13/U2900.pdf
Sample-PDFs-for-format-testing/Unicode v13/U2980.pdf
Sample-PDFs-for-format-testing/Unicode v13/U2A00.pdf
Sample-PDFs-for-format-testing/Unicode v13/U2A700.pdf
Sample-PDFs-for-format-testing/Unicode v13/U2B00.pdf
Sample-PDFs-for-format-testing/Unicode v13/U2B740.pdf
Sample-PDFs-for-format-testing/Unicode v13/U2B820.pdf
Sample-PDFs-for-format-testing/Unicode v13/U2C00.pdf
Sample-PDFs-for-format-testing/Unicode v13/U2C60.pdf
Sample-PDFs-for-format-testing/Unicode v13/U2C80.pdf
Sample-PDFs-for-format-testing/Unicode v13/U2CEB0.pdf
Sample-PDFs-for-format-testing/Unicode v13/U2D00.pdf
Sample-PDFs-for-format-testing/Unicode v13/U2D30.pdf
Sample-PDFs-for-format-testing/Unicode v13/U2D80.pdf
Sample-PDFs-for-format-testing/Unicode v13/U2DE0.pdf
Sample-PDFs-for-format-testing/Unicode v13/U2E00.pdf
Sample-PDFs-for-format-testing/Unicode v13/U2E80.pdf
Sample-PDFs-for-format-testing/Unicode v13/U2F00.pdf
Sample-PDFs-for-format-testing/Unicode v13/U2F800.pdf
Sample-PDFs-for-format-testing/Unicode v13/U2FF0.pdf
Sample-PDFs-for-format-testing/Unicode v13/U2FF80.pdf
Sample-PDFs-for-format-testing/Unicode v13/U3000.pdf
Sample-PDFs-for-format-testing/Unicode v13/U30000.pdf
Sample-PDFs-for-format-testing/Unicode v13/U3040.pdf
Sample-PDFs-for-format-testing/Unicode v13/U30A0.pdf
Sample-PDFs-for-format-testing/Unicode v13/U3100.pdf
Sample-PDFs-for-format-testing/Unicode v13/U3130.pdf
Sample-PDFs-for-format-testing/Unicode v13/U3190.pdf
Sample-PDFs-for-format-testing/Unicode v13/U31A0.pdf
Sample-PDFs-for-format-testing/Unicode v13/U31C0.pdf
Sample-PDFs-for-format-testing/Unicode v13/U31F0.pdf
Sample-PDFs-for-format-testing/Unicode v13/U3200.pdf
Sample-PDFs-for-format-testing/Unicode v13/U3300.pdf
Sample-PDFs-for-format-testing/Unicode v13/U3400.pdf
Sample-PDFs-for-format-testing/Unicode v13/U3FF80.pdf
Sample-PDFs-for-format-testing/Unicode v13/U4DC0.pdf
Sample-PDFs-for-format-testing/Unicode v13/U4E00.pdf
Sample-PDFs-for-format-testing/Unicode v13/U4FF80.pdf
Sample-PDFs-for-format-testing/Unicode v13/U5FF80.pdf
Sample-PDFs-for-format-testing/Unicode v13/U6FF80.pdf
Sample-PDFs-for-format-testing/Unicode v13/U7FF80.pdf
Sample-PDFs-for-format-testing/Unicode v13/U8FF80.pdf
Sample-PDFs-for-format-testing/Unicode v13/U9FF80.pdf
Sample-PDFs-for-format-testing/Unicode v13/UA000.pdf
Sample-PDFs-for-format-testing/Unicode v13/UA490.pdf
Sample-PDFs-for-format-testing/Unicode v13/UA4D0.pdf
Sample-PDFs-for-format-testing/Unicode v13/UA500.pdf
Sample-PDFs-for-format-testing/Unicode v13/UA640.pdf
Sample-PDFs-for-format-testing/Unicode v13/UA6A0.pdf
Sample-PDFs-for-format-testing/Unicode v13/UA700.pdf
Sample-PDFs-for-format-testing/Unicode v13/UA720.pdf
Sample-PDFs-for-format-testing/Unicode v13/UA800.pdf
Sample-PDFs-for-format-testing/Unicode v13/UA830.pdf
Sample-PDFs-for-format-testing/Unicode v13/UA840.pdf
Sample-PDFs-for-format-testing/Unicode v13/UA880.pdf
Sample-PDFs-for-format-testing/Unicode v13/UA8E0.pdf
Sample-PDFs-for-format-testing/Unicode v13/UA900.pdf
Sample-PDFs-for-format-testing/Unicode v13/UA930.pdf
Sample-PDFs-for-format-testing/Unicode v13/UA960.pdf
Sample-PDFs-for-format-testing/Unicode v13/UA980.pdf
Sample-PDFs-for-format-testing/Unicode v13/UA9E0.pdf
Sample-PDFs-for-format-testing/Unicode v13/UAA00.pdf
Sample-PDFs-for-format-testing/Unicode v13/UAA60.pdf
Sample-PDFs-for-format-testing/Unicode v13/UAA80.pdf
Sample-PDFs-for-format-testing/Unicode v13/UAAE0.pdf
Sample-PDFs-for-format-testing/Unicode v13/UAB00.pdf
Sample-PDFs-for-format-testing/Unicode v13/UAB30.pdf
Sample-PDFs-for-format-testing/Unicode v13/UAB70.pdf
Sample-PDFs-for-format-testing/Unicode v13/UABC0.pdf
Sample-PDFs-for-format-testing/Unicode v13/UAC00.pdf
Sample-PDFs-for-format-testing/Unicode v13/UAFF80.pdf
Sample-PDFs-for-format-testing/Unicode v13/UBFF80.pdf
Sample-PDFs-for-format-testing/Unicode v13/UCFF80.pdf
Sample-PDFs-for-format-testing/Unicode v13/UD7B0.pdf
Sample-PDFs-for-format-testing/Unicode v13/UD800.pdf
Sample-PDFs-for-format-testing/Unicode v13/UDC00.pdf
Sample-PDFs-for-format-testing/Unicode v13/UDFF80.pdf
Sample-PDFs-for-format-testing/Unicode v13/UE000.pdf
Sample-PDFs-for-format-testing/Unicode v13/UE0000.pdf
Sample-PDFs-for-format-testing/Unicode v13/UE0100.pdf
Sample-PDFs-for-format-testing/Unicode v13/UEFF80.pdf
Sample-PDFs-for-format-testing/Unicode v13/UF0000.pdf
Sample-PDFs-for-format-testing/Unicode v13/UF900.pdf
Sample-PDFs-for-format-testing/Unicode v13/UFB00.pdf
Sample-PDFs-for-format-testing/Unicode v13/UFB50.pdf
Sample-PDFs-for-format-testing/Unicode v13/UFE00.pdf
Sample-PDFs-for-format-testing/Unicode v13/UFE10.pdf
Sample-PDFs-for-format-testing/Unicode v13/UFE20.pdf
Sample-PDFs-for-format-testing/Unicode v13/UFE30.pdf
Sample-PDFs-for-format-testing/Unicode v13/UFE50.pdf
Sample-PDFs-for-format-testing/Unicode v13/UFE70.pdf
Sample-PDFs-for-format-testing/Unicode v13/UFF00.pdf
Sample-PDFs-for-format-testing/Unicode v13/UFFF0.pdf
Sample-PDFs-for-format-testing/Unicode v13/UFFF80.pdf
Sample-PDFs-for-format-testing/Unicode v13/UnicodeStandard-13.0.pdf
Sample-PDFs-for-format-testing/Unicode v13/appC.pdf
Sample-PDFs-for-format-testing/Unicode v13/appE.pdf
Sample-PDFs-for-format-testing/Unicode v13/appF.pdf
Sample-PDFs-for-format-testing/Unicode v13/ch04.pdf
Sample-PDFs-for-format-testing/Unicode v13/ch05.pdf
Sample-PDFs-for-format-testing/Unicode v13/ch07.pdf
Sample-PDFs-for-format-testing/Unicode v13/ch08.pdf
Sample-PDFs-for-format-testing/Unicode v13/ch12.pdf
Sample-PDFs-for-format-testing/Unicode v13/ch13.pdf
Sample-PDFs-for-format-testing/Unicode v13/ch14.pdf
Sample-PDFs-for-format-testing/Unicode v13/ch15.pdf
Sample-PDFs-for-format-testing/Unicode v13/ch16.pdf
Sample-PDFs-for-format-testing/Unicode v13/ch18.pdf
Sample-PDFs-for-format-testing/Unicode v13/ch21.pdf
Sample-PDFs-for-format-testing/Unicode v13/ch22.pdf
Sample-PDFs-for-format-testing/Unicode v13/ch23.pdf
Sample-PDFs-for-format-testing/Unicode v13/ch24.pdf
